   Γû▓ Next.js 15.5.12
   - Environments: .env.local

   Creating an optimized production build ...
npx :  ΓÜá Compiled with warnings in 96s
No linha:1 caractere:84
+ ...  $env:SKIP_REDIS_CHECK="true"; npx next build > build_output.txt 2>&1
+                                    ~~~~~~~~~~~~~~~~~~~~~~~~~~~~~~~~~~~~~~
    + CategoryInfo          : NotSpecified: ( ΓÜá Compiled with warnings in 96s:String) [], RemoteException
    + FullyQualifiedErrorId : NativeCommandError
 

./src/components/automations/nodes/AIAgentNode.tsx
Attempted import error: 'getSystemGlobalAiStatus' is not exported from '@/app/actions/automations-builder' (imported 
as 'getSystemGlobalAiStatus').

Import trace for requested module:
./src/components/automations/nodes/AIAgentNode.tsx
./src/components/automations/AutomationFlowEditor.tsx
./src/app/(main)/automacoes/[id]/page.tsx

./src/components/automations/nodes/AIAgentNode.tsx
Attempted import error: 'getSystemGlobalAiStatus' is not exported from '@/app/actions/automations-builder' (imported 
as 'getSystemGlobalAiStatus').

Import trace for requested module:
./src/components/automations/nodes/AIAgentNode.tsx
./src/components/automations/AutomationFlowEditor.tsx
./src/app/(main)/automacoes/[id]/page.tsx

./src/app/api/v1/alerts/[alertId]/acknowledge/route.ts
Attempted import error: '@/services/alert.service' does not contain a default export (imported as 'AlertService').

Import trace for requested module:
./src/app/api/v1/alerts/[alertId]/acknowledge/route.ts

./src/app/api/v1/alerts/[alertId]/resolve/route.ts
Attempted import error: '@/services/alert.service' does not contain a default export (imported as 'AlertService').

Import trace for requested module:
./src/app/api/v1/alerts/[alertId]/resolve/route.ts

./src/app/api/v1/alerts/settings/route.ts
Attempted import error: '@/services/alert.service' does not contain a default export (imported as 'AlertService').

Import trace for requested module:
./src/app/api/v1/alerts/settings/route.ts

   Skipping validation of types
   Skipping linting
   Collecting page data ...
[AlertService] Error monitoring metrics: Error: Failed query: select "id", "company_id", "name", "description", 
"alert_type", "severity", "metric", "condition", "threshold", "window_seconds", "aggregation", "channels", 
"webhook_urls", "cooldown_seconds", "is_enabled", "metadata", "created_at", "updated_at" from "alert_rules" 
"alertRules" where "alertRules"."is_enabled" = $1
params: true
    at async m.checkCustomRules (C:\Users\Administrator\Desktop\MASTER-IA-PROJECT\.next\server\chunks\2961.js:16:694)
    at async m.monitorMetrics (C:\Users\Administrator\Desktop\MASTER-IA-PROJECT\.next\server\chunks\2961.js:12:3695) {
  query: 'select "id", "company_id", "name", "description", "alert_type", "severity", "metric", "condition", 
"threshold", "window_seconds", "aggregation", "channels", "webhook_urls", "cooldown_seconds", "is_enabled", 
"metadata", "created_at", "updated_at" from "alert_rules" "alertRules" where "alertRules"."is_enabled" = $1',
  params: [Array],
  [cause]: [Error: write CONNECT_TIMEOUT undefined:undefined] {
    code: 'CONNECT_TIMEOUT',
    errno: 'CONNECT_TIMEOUT',
    address: undefined,
    port: undefined
  }
}
   Generating static pages (0/106) ...

ΓòöΓòÉΓòÉΓòÉΓòÉΓòÉΓòÉΓòÉΓòÉΓòÉΓòÉΓòÉΓòÉΓòÉΓòÉΓòÉΓòÉΓòÉΓòÉΓòÉΓòÉΓòÉΓòÉΓòÉΓòÉΓòÉΓòÉΓòÉΓòÉΓòÉΓòÉΓòÉΓòÉΓòÉΓòÉΓòÉΓòÉΓòÉΓòÉΓò
ÉΓòÉΓòÉΓòÉΓòÉΓòÉΓòÉΓòÉΓòÉΓòÉΓòÉΓòÉΓòÉΓòÉΓòÉΓòÉΓòÉΓòÉΓòù
Γòæ ≡ƒƒá ALERT: HIGH - high_memory_usage
ΓòáΓòÉΓòÉΓòÉΓòÉΓòÉΓòÉΓòÉΓòÉΓòÉΓòÉΓòÉΓòÉΓòÉΓòÉΓòÉΓòÉΓòÉΓòÉΓòÉΓòÉΓòÉΓòÉΓòÉΓòÉΓòÉΓòÉΓòÉΓòÉΓòÉΓòÉΓòÉΓòÉΓòÉΓòÉΓòÉΓòÉΓòÉΓòÉΓò
ÉΓòÉΓòÉΓòÉΓòÉΓòÉΓòÉΓòÉΓòÉΓòÉΓòÉΓòÉΓòÉΓòÉΓòÉΓòÉΓòÉΓòÉΓòú
Γòæ Title: High Memory Usage Detected
Γòæ Message: Application memory usage has exceeded 90% of heap size. Current value: 94.93, Threshold: 90
Γòæ Metric: process.memoryUsage.heapUsed
Γòæ Threshold: 90.00
Γòæ Current Value: 94.93
Γòæ Time: 2026-05-07T20:18:01.679Z
ΓòÜΓòÉΓòÉΓòÉΓòÉΓòÉΓòÉΓòÉΓòÉΓòÉΓòÉΓòÉΓòÉΓòÉΓòÉΓòÉΓòÉΓòÉΓòÉΓòÉΓòÉΓòÉΓòÉΓòÉΓòÉΓòÉΓòÉΓòÉΓòÉΓòÉΓòÉΓòÉΓòÉΓòÉΓòÉΓòÉΓòÉΓòÉΓòÉΓò
ÉΓòÉΓòÉΓòÉΓòÉΓòÉΓòÉΓòÉΓòÉΓòÉΓòÉΓòÉΓòÉΓòÉΓòÉΓòÉΓòÉΓòÉΓò¥
    
   Generating static pages (26/106) 
   Generating static pages (52/106) 
   Generating static pages (79/106) 
 Γ£ô Generating static pages (106/106)
   Finalizing page optimization ...
   Collecting build traces ...

Route (app)                                                      Size  First Load JS
Γöî Γùï /                                                         7.33 kB         163 kB
Γö£ Γùï /_not-found                                                  1 kB         104 kB
Γö£ ╞Æ /account                                                  14.3 kB         213 kB
Γö£ ╞Æ /admin/agents/performance                                 12.3 kB         237 kB
Γö£ ╞Æ /admin/ai-dashboard                                       11.6 kB         279 kB
Γö£ ╞Æ /admin/organizations                                      12.5 kB         172 kB
Γö£ ╞Æ /agentes-ia                                               4.89 kB         157 kB
Γö£ ╞Æ /agentes-ia/[personaId]                                   6.97 kB         188 kB
Γö£ ╞Æ /agentes-ia/new                                             529 B         181 kB
Γö£ ╞Æ /ai-chats                                                 22.1 kB         152 kB
Γö£ ╞Æ /ajuda                                                    12.2 kB         184 kB
Γö£ ╞Æ /analytics                                                10.1 kB         164 kB
Γö£ ╞Æ /api/admin/resend-verification-direct                       718 B         104 kB
Γö£ ╞Æ /api/admin/send-password-reset                              718 B         104 kB
Γö£ ╞Æ /api/ai/health                                              718 B         104 kB
Γö£ ╞Æ /api/ai/smoke                                               718 B         104 kB
Γö£ ╞Æ /api/auth/[...nextauth]                                     718 B         104 kB
Γö£ ╞Æ /api/auth/login                                             718 B         104 kB
Γö£ ╞Æ /api/auth/logout                                            718 B         104 kB
Γö£ ╞Æ /api/auth/meta-callback                                     718 B         104 kB
Γö£ ╞Æ /api/auth/oauth-callback                                    718 B         104 kB
Γö£ ╞Æ /api/auth/providers-status                                  718 B         104 kB
Γö£ ╞Æ /api/auth/register                                          718 B         104 kB
Γö£ ╞Æ /api/auth/request-resend                                    718 B         104 kB
Γö£ ╞Æ /api/auth/resend-verification                               718 B         104 kB
Γö£ ╞Æ /api/auth/reset-password                                    718 B         104 kB
Γö£ ╞Æ /api/auth/socket-token                                      718 B         104 kB
Γö£ ╞Æ /api/auth/verify-email                                      718 B         104 kB
Γö£ ╞Æ /api/contacts/import                                        718 B         104 kB
Γö£ ╞Æ /api/health                                                 718 B         104 kB
Γö£ ╞Æ /api/instagram-callback                                     718 B         104 kB
Γö£ ╞Æ /api/internal/automations/save                              718 B         104 kB
Γö£ ╞Æ /api/internal/fix-session-id                                718 B         104 kB
Γö£ ╞Æ /api/internal/init-worker                                   718 B         104 kB
Γö£ ╞Æ /api/internal/migrate-baileys-auth                          718 B         104 kB
Γö£ ╞Æ /api/internal/run-migration                                 718 B         104 kB
Γö£ ╞Æ /api/internal/run-migration-auto-approach                   718 B         104 kB
Γö£ ╞Æ /api/internal/unattended-leads                              718 B         104 kB
Γö£ ╞Æ /api/metrics                                                718 B         104 kB
Γö£ ╞Æ /api/storage/neon                                           718 B         104 kB
Γö£ ╞Æ /api/test-ai-trigger                                        718 B         104 kB
Γö£ ╞Æ /api/test-cache                                             718 B         104 kB
Γö£ ╞Æ /api/test-contacts                                          718 B         104 kB
Γö£ ╞Æ /api/v1/admin/ai-metrics                                    718 B         104 kB
Γö£ ╞Æ /api/v1/admin/analytics                                     718 B         104 kB
Γö£ ╞Æ /api/v1/admin/companies                                     718 B         104 kB
Γö£ ╞Æ /api/v1/admin/companies/[id]                                718 B         104 kB
Γö£ ╞Æ /api/v1/admin/email-events                                  718 B         104 kB
Γö£ ╞Æ /api/v1/admin/features                                      718 B         104 kB
Γö£ ╞Æ /api/v1/admin/users                                         718 B         104 kB
Γö£ ╞Æ /api/v1/admin/users/[id]                                    718 B         104 kB
Γö£ ╞Æ /api/v1/agents/health                                       718 B         104 kB
Γö£ ╞Æ /api/v1/agents/metrics                                      718 B         104 kB
Γö£ ╞Æ /api/v1/ai/chats                                            718 B         104 kB
Γö£ ╞Æ /api/v1/ai/chats/[chatId]                                   718 B         104 kB
Γö£ ╞Æ /api/v1/ai/chats/[chatId]/messages                          718 B         104 kB
Γö£ ╞Æ /api/v1/alerts                                              718 B         104 kB
Γö£ ╞Æ /api/v1/alerts/[alertId]/acknowledge                        718 B         104 kB
Γö£ ╞Æ /api/v1/alerts/[alertId]/resolve                            718 B         104 kB
Γö£ ╞Æ /api/v1/alerts/history                                      718 B         104 kB
Γö£ ╞Æ /api/v1/alerts/settings                                     718 B         104 kB
Γö£ ╞Æ /api/v1/analytics/campaigns                                 718 B         104 kB
Γö£ ╞Æ /api/v1/analytics/funnel                                    718 B         104 kB
Γö£ ╞Æ /api/v1/analytics/kpis                                      718 B         104 kB
Γö£ ╞Æ /api/v1/analytics/timeseries                                718 B         104 kB
Γö£ ╞Æ /api/v1/api-keys                                            718 B         104 kB
Γö£ ╞Æ /api/v1/api-keys/[keyId]                                    718 B         104 kB
Γö£ ╞Æ /api/v1/auth/forgot-password                                718 B         104 kB
Γö£ ╞Æ /api/v1/auth/login                                          718 B         104 kB
Γö£ ╞Æ /api/v1/auth/logout                                         718 B         104 kB
Γö£ ╞Æ /api/v1/auth/register                                       718 B         104 kB
Γö£ ╞Æ /api/v1/auth/reset-password                                 718 B         104 kB
Γö£ ╞Æ /api/v1/auth/session                                        718 B         104 kB
Γö£ ╞Æ /api/v1/auth/verify-email                                   718 B         104 kB
Γö£ ╞Æ /api/v1/automation-flows/executions                         718 B         104 kB
Γö£ ╞Æ /api/v1/automation-flows/generate-workflow                  718 B         104 kB
Γö£ ╞Æ /api/v1/automation-flows/test-flow                          718 B         104 kB
Γö£ ╞Æ /api/v1/automation-flows/test-node                          718 B         104 kB
Γö£ ╞Æ /api/v1/automation-flows/test-real                          718 B         104 kB
Γö£ ╞Æ /api/v1/automation-flows/webhook-trigger/[idOrSlug]         718 B         104 kB
Γö£ ╞Æ /api/v1/automation-flows/webhook-trigger/listen             718 B         104 kB
Γö£ ╞Æ /api/v1/automation-logs                                     718 B         104 kB
Γö£ ╞Æ /api/v1/automations                                         718 B         104 kB
Γö£ ╞Æ /api/v1/automations/[ruleId]                                718 B         104 kB
Γö£ ╞Æ /api/v1/cache/metrics                                       718 B         104 kB
Γö£ ╞Æ /api/v1/cadences                                            718 B         104 kB
Γö£ ╞Æ /api/v1/cadences/[id]                                       718 B         104 kB
Γö£ ╞Æ /api/v1/cadences/[id]/enrollments                           718 B         104 kB
Γö£ ╞Æ /api/v1/cadences/[id]/stats                                 718 B         104 kB
Γö£ ╞Æ /api/v1/cadences/enroll                                     718 B         104 kB
Γö£ ╞Æ /api/v1/campaigns                                           718 B         104 kB
Γö£ ╞Æ /api/v1/campaigns/[campaignId]                              718 B         104 kB
Γö£ ╞Æ /api/v1/campaigns/[campaignId]/baileys-report               718 B         104 kB
Γö£ ╞Æ /api/v1/campaigns/[campaignId]/baileys-report/contacts      718 B         104 kB
Γö£ ╞Æ /api/v1/campaigns/[campaignId]/delivery-report              718 B         104 kB
Γö£ ╞Æ /api/v1/campaigns/[campaignId]/pause                        718 B         104 kB
Γö£ ╞Æ /api/v1/campaigns/[campaignId]/report                       718 B         104 kB
Γö£ ╞Æ /api/v1/campaigns/[campaignId]/resume                       718 B         104 kB
Γö£ ╞Æ /api/v1/campaigns/[campaignId]/retry-failed                 718 B         104 kB
Γö£ ╞Æ /api/v1/campaigns/[campaignId]/trigger                      718 B         104 kB
Γö£ ╞Æ /api/v1/campaigns/[campaignId]/voice-report                 718 B         104 kB
Γö£ ╞Æ /api/v1/campaigns/baileys                                   718 B         104 kB
Γö£ ╞Æ /api/v1/campaigns/sms                                       718 B         104 kB
Γö£ ╞Æ /api/v1/campaigns/trigger                                   718 B         104 kB
Γö£ ╞Æ /api/v1/campaigns/voice                                     718 B         104 kB
Γö£ ╞Æ /api/v1/campaigns/whatsapp                                  718 B         104 kB
Γö£ ╞Æ /api/v1/company/ai-settings                                 718 B         104 kB
Γö£ ╞Æ /api/v1/company/credentials                                 718 B         104 kB
Γö£ ╞Æ /api/v1/connections                                         718 B         104 kB
Γö£ ╞Æ /api/v1/connections/[connectionId]                          718 B         104 kB
Γö£ ╞Æ /api/v1/connections/[connectionId]/configure-webhook        718 B         104 kB
Γö£ ╞Æ /api/v1/connections/[connectionId]/refresh-token            718 B         104 kB
Γö£ ╞Æ /api/v1/connections/[connectionId]/webhook-health           718 B         104 kB
Γö£ ╞Æ /api/v1/connections/[connectionId]/webhook-status           718 B         104 kB
Γö£ ╞Æ /api/v1/connections/health                                  718 B         104 kB
Γö£ ╞Æ /api/v1/contacts                                            718 B         104 kB
Γö£ ╞Æ /api/v1/contacts/[contactId]                                718 B         104 kB
Γö£ ╞Æ /api/v1/contacts/[contactId]/meetings                       718 B         104 kB
Γö£ ╞Æ /api/v1/contacts/[contactId]/meetings/[meetingId]           718 B         104 kB
Γö£ ╞Æ /api/v1/contacts/[contactId]/sync                           718 B         104 kB
Γö£ ╞Æ /api/v1/contacts/import                                     718 B         104 kB
Γö£ ╞Æ /api/v1/contacts/normalize-phones                           718 B         104 kB
Γö£ ╞Æ /api/v1/conversations                                       718 B         104 kB
Γö£ ╞Æ /api/v1/conversations/[conversationId]                      718 B         104 kB
Γö£ ╞Æ /api/v1/conversations/[conversationId]/archive              718 B         104 kB
Γö£ ╞Æ /api/v1/conversations/[conversationId]/effective-persona    718 B         104 kB
Γö£ ╞Æ /api/v1/conversations/[conversationId]/media                718 B         104 kB
Γö£ ╞Æ /api/v1/conversations/[conversationId]/messages             718 B         104 kB
Γö£ ╞Æ /api/v1/conversations/[conversationId]/toggle-ai            718 B         104 kB
Γö£ ╞Æ /api/v1/conversations/start                                 718 B         104 kB
Γö£ ╞Æ /api/v1/conversations/status                                718 B         104 kB
Γö£ ╞Æ /api/v1/dashboard/charts                                    718 B         104 kB
Γö£ ╞Æ /api/v1/dashboard/stats                                     718 B         104 kB
Γö£ ╞Æ /api/v1/errors                                              718 B         104 kB
Γö£ ╞Æ /api/v1/ia/credentials                                      718 B         104 kB
Γö£ ╞Æ /api/v1/ia/credentials/[credentialId]                       718 B         104 kB
Γö£ ╞Æ /api/v1/ia/metrics                                          718 B         104 kB
Γö£ ╞Æ /api/v1/ia/personas                                         718 B         104 kB
Γö£ ╞Æ /api/v1/ia/personas/[personaId]                             718 B         104 kB
Γö£ ╞Æ /api/v1/ia/personas/[personaId]/duplicate                   718 B         104 kB
Γö£ ╞Æ /api/v1/ia/personas/[personaId]/metrics                     718 B         104 kB
Γö£ ╞Æ /api/v1/ia/personas/[personaId]/sections                    718 B         104 kB
Γö£ ╞Æ /api/v1/ia/personas/[personaId]/sections/[sectionId]        718 B         104 kB
Γö£ ╞Æ /api/v1/ia/personas/[personaId]/sources                     718 B         104 kB
Γö£ ╞Æ /api/v1/ia/personas/[personaId]/sources/[sourceId]          718 B         104 kB
Γö£ ╞Æ /api/v1/ia/personas/[personaId]/test                        718 B         104 kB
Γö£ ╞Æ /api/v1/ia/tts/preview                                      718 B         104 kB
Γö£ ╞Æ /api/v1/integrations/google-drive/callback                  718 B         104 kB
Γö£ ╞Æ /api/v1/integrations/google-drive/connect                   718 B         104 kB
Γö£ ╞Æ /api/v1/integrations/google-drive/folders                   718 B         104 kB
Γö£ ╞Æ /api/v1/integrations/google-drive/sync                      718 B         104 kB
Γö£ ╞Æ /api/v1/integrations/google-drive/webhook                   718 B         104 kB
Γö£ ╞Æ /api/v1/integrations/google/calendars                       718 B         104 kB
Γö£ ╞Æ /api/v1/integrations/google/callback                        718 B         104 kB
Γö£ ╞Æ /api/v1/integrations/google/connect                         718 B         104 kB
Γö£ ╞Æ /api/v1/integrations/google/status                          718 B         104 kB
Γö£ ╞Æ /api/v1/integrations/kommo/config                           718 B         104 kB
Γö£ ╞Æ /api/v1/integrations/kommo/connect                          718 B         104 kB
Γö£ ╞Æ /api/v1/integrations/kommo/custom-fields                    718 B         104 kB
Γö£ ╞Æ /api/v1/integrations/kommo/disconnect                       718 B         104 kB
Γö£ ╞Æ /api/v1/integrations/kommo/mappings                         718 B         104 kB
Γö£ ╞Æ /api/v1/integrations/kommo/pipelines                        718 B         104 kB
Γö£ ╞Æ /api/v1/integrations/kommo/push-contact                     718 B         104 kB
Γö£ ╞Æ /api/v1/integrations/kommo/push-lead-note                   718 B         104 kB
Γö£ ╞Æ /api/v1/integrations/kommo/status                           718 B         104 kB
Γö£ ╞Æ /api/v1/integrations/kommo/webhook                          718 B         104 kB
Γö£ ╞Æ /api/v1/kanban/schedule-meeting                             718 B         104 kB
Γö£ ╞Æ /api/v1/kanban/stage-personas                               718 B         104 kB
Γö£ ╞Æ /api/v1/kanbans                                             718 B         104 kB
Γö£ ╞Æ /api/v1/kanbans/[boardId]                                   718 B         104 kB
Γö£ ╞Æ /api/v1/leads                                               718 B         104 kB
Γö£ ╞Æ /api/v1/leads/[leadId]                                      718 B         104 kB
Γö£ ╞Æ /api/v1/lists                                               718 B         104 kB
Γö£ ╞Æ /api/v1/lists/[listId]                                      718 B         104 kB
Γö£ ╞Æ /api/v1/mcp/[...path]                                       718 B         104 kB
Γö£ ╞Æ /api/v1/media                                               718 B         104 kB
Γö£ ╞Æ /api/v1/media/[mediaId]                                     718 B         104 kB
Γö£ ╞Æ /api/v1/media/[mediaId]/handle                              718 B         104 kB
Γö£ ╞Æ /api/v1/media/refresh                                       718 B         104 kB
Γö£ ╞Æ /api/v1/media/upload-url                                    718 B         104 kB
Γö£ ╞Æ /api/v1/message-templates                                   718 B         104 kB
Γö£ ╞Æ /api/v1/message-templates/[id]/submit                       718 B         104 kB
Γö£ ╞Æ /api/v1/message-templates/[id]/sync-status                  718 B         104 kB
Γö£ ╞Æ /api/v1/metrics/api-performance                             718 B         104 kB
Γö£ ╞Æ /api/v1/notification-agents                                 718 B         104 kB
Γö£ ╞Æ /api/v1/notification-agents/[id]                            718 B         104 kB
Γö£ ╞Æ /api/v1/notification-agents/[id]/groups                     718 B         104 kB
Γö£ ╞Æ /api/v1/notification-agents/[id]/test                       718 B         104 kB
Γö£ ╞Æ /api/v1/notifications                                       718 B         104 kB
Γö£ ╞Æ /api/v1/realtime/stream                                     718 B         104 kB
Γö£ ╞Æ /api/v1/reports/send                                        718 B         104 kB
Γö£ ╞Æ /api/v1/routing                                             718 B         104 kB
Γö£ ╞Æ /api/v1/settings/webhooks                                   718 B         104 kB
Γö£ ╞Æ /api/v1/settings/webhooks/[webhookId]                       718 B         104 kB
Γö£ ╞Æ /api/v1/settings/webhooks/[webhookId]/auto-approach         718 B         104 kB
Γö£ ╞Æ /api/v1/sms-gateways                                        718 B         104 kB
Γö£ ╞Æ /api/v1/sms-gateways/[gatewayId]                            718 B         104 kB
Γö£ ╞Æ /api/v1/sms/test-send                                       718 B         104 kB
Γö£ ╞Æ /api/v1/super-admin/stats                                   718 B         104 kB
Γö£ ╞Æ /api/v1/tags                                                718 B         104 kB
Γö£ ╞Æ /api/v1/tags/[tagId]                                        718 B         104 kB
Γö£ ╞Æ /api/v1/team/invite                                         718 B         104 kB
Γö£ ╞Æ /api/v1/team/users                                          718 B         104 kB
Γö£ ╞Æ /api/v1/team/users/[userId]                                 718 B         104 kB
Γö£ ╞Æ /api/v1/team/users/[userId]/reset-password                  718 B         104 kB
Γö£ ╞Æ /api/v1/team/users/[userId]/verify                          718 B         104 kB
Γö£ ╞Æ /api/v1/templates                                           718 B         104 kB
Γö£ ╞Æ /api/v1/templates/[id]                                      718 B         104 kB
Γö£ ╞Æ /api/v1/templates/by-connection                             718 B         104 kB
Γö£ ╞Æ /api/v1/templates/categories                                718 B         104 kB
Γö£ ╞Æ /api/v1/templates/sync                                      718 B         104 kB
Γö£ ╞Æ /api/v1/test-integrations                                   718 B         104 kB
Γö£ ╞Æ /api/v1/test-integrations/send-test-message                 718 B         104 kB
Γö£ ╞Æ /api/v1/test-integrations/whatsapp-phone-numbers            718 B         104 kB
Γö£ ╞Æ /api/v1/test-rate-limit                                     718 B         104 kB
Γö£ ╞Æ /api/v1/voice/agents                                        718 B         104 kB
Γö£ ╞Æ /api/v1/voice/agents/[id]                                   718 B         104 kB
Γö£ ╞Æ /api/v1/voice/analytics                                     718 B         104 kB
Γö£ ╞Æ /api/v1/voice/call-resources                                718 B         104 kB
Γö£ ╞Æ /api/v1/voice/calls                                         718 B         104 kB
Γö£ ╞Æ /api/v1/voice/calls/[id]                                    718 B         104 kB
Γö£ ╞Æ /api/v1/voice/calls/test                                    718 B         104 kB
Γö£ ╞Æ /api/v1/voice/config                                        718 B         104 kB
Γö£ ╞Æ /api/v1/voice/config/external-resources                     718 B         104 kB
Γö£ ╞Æ /api/v1/voice/config/test-providers                         718 B         104 kB
Γö£ ╞Æ /api/v1/voice/debug/agents                                  718 B         104 kB
Γö£ ╞Æ /api/v1/voice/history                                       718 B         104 kB
Γö£ ╞Æ /api/v1/voice/initiate-call                                 718 B         104 kB
Γö£ ╞Æ /api/v1/voice/phone-numbers                                 718 B         104 kB
Γö£ ╞Æ /api/v1/voice/retell/agents                                 718 B         104 kB
Γö£ ╞Æ /api/v1/voice/retell/agents/[agentId]                       718 B         104 kB
Γö£ ╞Æ /api/v1/voice/retell/calls                                  718 B         104 kB
Γö£ ╞Æ /api/v1/voice/retell/sync-voice                             718 B         104 kB
Γö£ ╞Æ /api/v1/voice/retell/voices                                 718 B         104 kB
Γö£ ╞Æ /api/v1/voice/retry                                         718 B         104 kB
Γö£ ╞Æ /api/v1/voice/test-connection                               718 B         104 kB
Γö£ ╞Æ /api/v1/voice/twilio/account                                718 B         104 kB
Γö£ ╞Æ /api/v1/voice/twilio/numbers                                718 B         104 kB
Γö£ ╞Æ /api/v1/voice/twilio/numbers/[sid]                          718 B         104 kB
Γö£ ╞Æ /api/v1/voice/webhooks/custom/[orgId]                       718 B         104 kB
Γö£ ╞Æ /api/v1/voice/webhooks/retell                               718 B         104 kB
Γö£ ╞Æ /api/v1/voice/webhooks/twilio/dial-callback                 718 B         104 kB
Γö£ ╞Æ /api/v1/voice/webhooks/twilio/incoming                      718 B         104 kB
Γö£ ╞Æ /api/v1/voice/webhooks/twilio/sip-status                    718 B         104 kB
Γö£ ╞Æ /api/v1/voice/webhooks/twilio/status                        718 B         104 kB
Γö£ ╞Æ /api/v1/webhooks                                            718 B         104 kB
Γö£ ╞Æ /api/v1/webhooks/[webhookId]                                718 B         104 kB
Γö£ ╞Æ /api/v1/webhooks/alerts                                     718 B         104 kB
Γö£ ╞Æ /api/v1/webhooks/analytics                                  718 B         104 kB
Γö£ ╞Æ /api/v1/webhooks/baileys                                    718 B         104 kB
Γö£ ╞Æ /api/v1/webhooks/evolution                                  718 B         104 kB
Γö£ ╞Æ /api/v1/webhooks/export                                     718 B         104 kB
Γö£ ╞Æ /api/v1/webhooks/incoming                                   718 B         104 kB
Γö£ ╞Æ /api/v1/webhooks/incoming/[companySlug]                     718 B         104 kB
Γö£ ╞Æ /api/v1/webhooks/incoming/events                            718 B         104 kB
Γö£ ╞Æ /api/v1/webhooks/meta/[slug]                                718 B         104 kB
Γö£ ╞Æ /api/v1/webhooks/metrics                                    718 B         104 kB
Γö£ ╞Æ /api/v1/webhooks/replay                                     718 B         104 kB
Γö£ ╞Æ /api/v1/webhooks/retry                                      718 B         104 kB
Γö£ ╞Æ /api/v1/webhooks/scheduler                                  718 B         104 kB
Γö£ ╞Æ /api/v1/webhooks/sync                                       718 B         104 kB
Γö£ ╞Æ /api/v1/whatsapp/sessions                                   718 B         104 kB
Γö£ ╞Æ /api/v1/whatsapp/sessions/[id]                              718 B         104 kB
Γö£ ╞Æ /api/v1/whatsapp/sessions/[id]/qr                           718 B         104 kB
Γö£ ╞Æ /api/v1/whatsapp/sessions/[id]/send                         718 B         104 kB
Γö£ ╞Æ /api/v1/whatsapp/sessions/health                            718 B         104 kB
Γö£ ╞Æ /api/webhooks/meta/[slug]                                   718 B         104 kB
Γö£ ╞Æ /api/webhooks/meta/diagnostics                              718 B         104 kB
Γö£ ╞Æ /api/webhooks/resend                                        718 B         104 kB
Γö£ ╞Æ /api/whatsapp/send-meta                                     718 B         104 kB
Γö£ ╞Æ /atendimentos                                             31.2 kB         268 kB
Γö£ ╞Æ /automacoes                                                 698 B         238 kB
Γö£ ╞Æ /automacoes/[id]                                           126 kB         296 kB
Γö£ ╞Æ /automations                                                694 B         238 kB
Γö£ ╞Æ /campaigns                                                5.07 kB         198 kB
Γö£ ╞Æ /campaigns-baileys                                          601 B         215 kB
Γö£ ╞Æ /campaigns/[campaignId]/report                            12.7 kB         306 kB
Γö£ ╞Æ /campanhas                                                7.46 kB         228 kB
Γö£ ╞Æ /changelog                                                  718 B         104 kB
Γö£ ╞Æ /conexoes                                                  2.3 kB         263 kB
Γö£ ╞Æ /connections                                              2.14 kB         234 kB
Γö£ ╞Æ /contacts                                                 13.1 kB         210 kB
Γö£ ╞Æ /contacts/[contactId]                                     9.43 kB         202 kB
Γö£ ╞Æ /dashboard                                                5.42 kB         158 kB
Γö£ ╞Æ /debug-auth                                                 718 B         104 kB
Γö£ ╞Æ /diagnostico                                              9.11 kB         221 kB
Γö£ ╞Æ /equipes                                                  10.6 kB         192 kB
Γö£ Γùï /forgot-password                                           6.9 kB         153 kB
Γö£ ╞Æ /gallery                                                   7.2 kB         141 kB
Γö£ ╞Æ /health                                                     718 B         104 kB
Γö£ ╞Æ /integrations/webhooks                                    11.4 kB         177 kB
Γö£ ╞Æ /integrations/zapier                                      10.3 kB         127 kB
Γö£ ╞Æ /kanban                                                   3.64 kB         156 kB
Γö£ ╞Æ /kanban/[funnelId]                                        41.1 kB         246 kB
Γö£ ╞Æ /kanban/[funnelId]/edit                                   5.62 kB         187 kB
Γö£ ╞Æ /kanban/new                                               6.71 kB         155 kB
Γö£ ╞Æ /lists                                                    3.42 kB         189 kB
Γö£ Γùï /login                                                      11 kB         206 kB
Γö£ ╞Æ /management                                                 854 B         261 kB
Γö£ ╞Æ /marketing                                                28.3 kB         339 kB
Γö£ ╞Æ /objects/[...path]                                          718 B         104 kB
Γö£ ╞Æ /pipeline                                                   25 kB         140 kB
Γö£ Γùï /privacy                                                    137 B         122 kB
Γö£ Γùï /register                                                 5.67 kB         165 kB
Γö£ ╞Æ /releases                                                   718 B         104 kB
Γö£ Γùï /reset-password                                           4.12 kB         164 kB
Γö£ ╞Æ /roadmap                                                    718 B         104 kB
Γö£ ╞Æ /roteamento                                               5.15 kB         148 kB
Γö£ ╞Æ /settings                                                 3.85 kB         272 kB
Γö£ ╞Æ /settings/notifications                                   10.9 kB         168 kB
Γö£ ╞Æ /sms                                                      9.95 kB         202 kB
Γö£ ╞Æ /super-admin                                              3.31 kB         115 kB
Γö£ ╞Æ /super-admin/analytics                                     2.6 kB         114 kB
Γö£ ╞Æ /super-admin/companies                                    7.53 kB         133 kB
Γö£ ╞Æ /super-admin/dashboard                                      368 B         103 kB
Γö£ ╞Æ /super-admin/email-tracking                               2.85 kB         114 kB
Γö£ ╞Æ /super-admin/features                                     2.48 kB         114 kB
Γö£ ╞Æ /super-admin/users                                        4.64 kB         116 kB
Γö£ ╞Æ /tags                                                     5.65 kB         163 kB
Γö£ ╞Æ /templates                                                12.7 kB         174 kB
Γö£ ╞Æ /templates-v2                                             13.9 kB         225 kB
Γö£ Γùï /terms                                                      137 B         122 kB
Γö£ Γùï /test-component                                           8.13 kB         233 kB
Γö£ Γùï /verify-email                                             2.24 kB         162 kB
Γö£ ╞Æ /voice-ai                                                 26.9 kB         203 kB
Γö£ ╞Æ /webhooks/dashboard                                       12.9 kB         282 kB
Γö£ ╞Æ /whatsapp-baileys                                         5.55 kB         148 kB
Γöö ╞Æ /whatsapp-sessoes                                         4.99 kB         207 kB
+ First Load JS shared by all                                  103 kB
  Γö£ chunks/1255-c6a344975d1e514c.js                           45.5 kB
  Γö£ chunks/4bd1b696-182b6b13bdad92e3.js                       54.2 kB
  Γöö other shared chunks (total)                                3.3 kB


Γùï  (Static)   prerendered as static content
╞Æ  (Dynamic)  server-rendered on demand

