.next/types/app/(main)/pipeline/page.ts(34,29): error TS2344: Type '{ searchParams: { funnelId?: string | undefined; }; }' does not satisfy the constraint 'PageProps'.
  Types of property 'searchParams' are incompatible.
    Type '{ funnelId?: string | undefined; }' is missing the following properties from type 'Promise<any>': then, catch, finally, [Symbol.toStringTag]
.next/types/app/api/v1/admin/companies/[id]/route.ts(244,7): error TS2344: Type '{ __tag__: "DELETE"; __param_position__: "second"; __param_type__: { params: { id: string; }; }; }' does not satisfy the constraint 'ParamCheck<RouteContext>'.
  The types of '__param_type__.params' are incompatible between these types.
    Type '{ id: string; }' is missing the following properties from type 'Promise<any>': then, catch, finally, [Symbol.toStringTag]
.next/types/app/api/v1/admin/users/[id]/route.ts(244,7): error TS2344: Type '{ __tag__: "DELETE"; __param_position__: "second"; __param_type__: { params: { id: string; }; }; }' does not satisfy the constraint 'ParamCheck<RouteContext>'.
  The types of '__param_type__.params' are incompatible between these types.
    Type '{ id: string; }' is missing the following properties from type 'Promise<any>': then, catch, finally, [Symbol.toStringTag]
.next/types/app/api/v1/contacts/[contactId]/sync/route.ts(166,7): error TS2344: Type '{ __tag__: "POST"; __param_position__: "second"; __param_type__: { params: { contactId: string; }; }; }' does not satisfy the constraint 'ParamCheck<RouteContext>'.
  The types of '__param_type__.params' are incompatible between these types.
    Type '{ contactId: string; }' is missing the following properties from type 'Promise<any>': then, catch, finally, [Symbol.toStringTag]
.next/types/app/api/v1/conversations/[conversationId]/media/route.ts(166,7): error TS2344: Type '{ __tag__: "POST"; __param_position__: "second"; __param_type__: { params: { conversationId: string; }; }; }' does not satisfy the constraint 'ParamCheck<RouteContext>'.
  The types of '__param_type__.params' are incompatible between these types.
    Type '{ conversationId: string; }' is missing the following properties from type 'Promise<any>': then, catch, finally, [Symbol.toStringTag]
.next/types/app/objects/[...path]/route.ts(49,7): error TS2344: Type '{ __tag__: "GET"; __param_position__: "second"; __param_type__: { params: { path: string[]; }; }; }' does not satisfy the constraint 'ParamCheck<RouteContext>'.
  The types of '__param_type__.params' are incompatible between these types.
    Type '{ path: string[]; }' is missing the following properties from type 'Promise<any>': then, catch, finally, [Symbol.toStringTag]
.next/types/validator.ts(954,31): error TS2344: Type 'typeof import("C:/Users/Administrator/Desktop/MASTER-IA-PROJECT/src/app/api/v1/admin/companies/[id]/route")' does not satisfy the constraint 'RouteHandlerConfig<"/api/v1/admin/companies/[id]">'.
  Types of property 'DELETE' are incompatible.
    Type '(request: NextRequest, context: { params: { id: string; }; }) => Promise<NextResponse<unknown>>' is not assignable to type '(request: NextRequest, context: { params: Promise<{ id: string; }>; }) => void | Response | Promise<void | Response>'.
      Types of parameters 'context' and 'context' are incompatible.
        Type '{ params: Promise<{ id: string; }>; }' is not assignable to type '{ params: { id: string; }; }'.
          Types of property 'params' are incompatible.
            Property 'id' is missing in type 'Promise<{ id: string; }>' but required in type '{ id: string; }'.
.next/types/validator.ts(990,31): error TS2344: Type 'typeof import("C:/Users/Administrator/Desktop/MASTER-IA-PROJECT/src/app/api/v1/admin/users/[id]/route")' does not satisfy the constraint 'RouteHandlerConfig<"/api/v1/admin/users/[id]">'.
  Types of property 'DELETE' are incompatible.
    Type '(request: NextRequest, context: { params: { id: string; }; }) => Promise<NextResponse<unknown>>' is not assignable to type '(request: NextRequest, context: { params: Promise<{ id: string; }>; }) => void | Response | Promise<void | Response>'.
      Types of parameters 'context' and 'context' are incompatible.
        Type '{ params: Promise<{ id: string; }>; }' is not assignable to type '{ params: { id: string; }; }'.
          Types of property 'params' are incompatible.
            Property 'id' is missing in type 'Promise<{ id: string; }>' but required in type '{ id: string; }'.
.next/types/validator.ts(1611,31): error TS2344: Type 'typeof import("C:/Users/Administrator/Desktop/MASTER-IA-PROJECT/src/app/api/v1/contacts/[contactId]/sync/route")' does not satisfy the constraint 'RouteHandlerConfig<"/api/v1/contacts/[contactId]/sync">'.
  Types of property 'POST' are incompatible.
    Type '(_request: NextRequest, _params: { params: { contactId: string; }; }) => Promise<NextResponse<{ error: string; message: string; }>>' is not assignable to type '(request: NextRequest, context: { params: Promise<{ contactId: string; }>; }) => void | Response | Promise<void | Response>'.
      Types of parameters '_params' and 'context' are incompatible.
        Type '{ params: Promise<{ contactId: string; }>; }' is not assignable to type '{ params: { contactId: string; }; }'.
          Types of property 'params' are incompatible.
            Property 'contactId' is missing in type 'Promise<{ contactId: string; }>' but required in type '{ contactId: string; }'.
.next/types/validator.ts(1665,31): error TS2344: Type 'typeof import("C:/Users/Administrator/Desktop/MASTER-IA-PROJECT/src/app/api/v1/conversations/[conversationId]/media/route")' does not satisfy the constraint 'RouteHandlerConfig<"/api/v1/conversations/[conversationId]/media">'.
  Types of property 'POST' are incompatible.
    Type '(_request: NextRequest, _params: { params: { conversationId: string; }; }) => Promise<NextResponse<{ error: string; message: string; }>>' is not assignable to type '(request: NextRequest, context: { params: Promise<{ conversationId: string; }>; }) => void | Response | Promise<void | Response>'.
      Types of parameters '_params' and 'context' are incompatible.
        Type '{ params: Promise<{ conversationId: string; }>; }' is not assignable to type '{ params: { conversationId: string; }; }'.
          Types of property 'params' are incompatible.
            Property 'conversationId' is missing in type 'Promise<{ conversationId: string; }>' but required in type '{ conversationId: string; }'.
.next/types/validator.ts(2988,31): error TS2344: Type 'typeof import("C:/Users/Administrator/Desktop/MASTER-IA-PROJECT/src/app/objects/[...path]/route")' does not satisfy the constraint 'RouteHandlerConfig<"/objects/[...path]">'.
  Types of property 'GET' are incompatible.
    Type '(request: NextRequest, { params }: { params: { path: string[]; }; }) => Promise<NextResponse<unknown>>' is not assignable to type '(request: NextRequest, context: { params: Promise<{ path: string[]; }>; }) => void | Response | Promise<void | Response>'.
      Types of parameters '__1' and 'context' are incompatible.
        Type '{ params: Promise<{ path: string[]; }>; }' is not assignable to type '{ params: { path: string[]; }; }'.
          Types of property 'params' are incompatible.
            Property 'path' is missing in type 'Promise<{ path: string[]; }>' but required in type '{ path: string[]; }'.
src/app/(main)/admin/organizations/components/credentials-tab.tsx(33,29): error TS2339: Property 'openaiApiKey' does not exist on type '{ success: boolean; data?: any; error?: string | undefined; }'.
src/app/(main)/admin/organizations/components/credentials-tab.tsx(34,29): error TS2339: Property 'geminiApiKey' does not exist on type '{ success: boolean; data?: any; error?: string | undefined; }'.
src/app/(main)/admin/organizations/components/credentials-tab.tsx(35,33): error TS2339: Property 'elevenlabsApiKey' does not exist on type '{ success: boolean; data?: any; error?: string | undefined; }'.
src/app/(main)/admin/organizations/components/financial-tab.tsx(49,21): error TS2322: Type 'string | undefined' is not assignable to type 'string'.
  Type 'undefined' is not assignable to type 'string'.
src/app/(main)/admin/organizations/components/financial-tab.tsx(49,47): error TS2339: Property 'lastPaymentDate' does not exist on type '{ companyId: string; monthlyFee: number; implementationFee: number; fixedCosts: number; variableCosts: number; paymentDay: number; totalPaid: number; } | { monthlyFee: number; implementationFee: number; ... 7 more ...; lastPaymentDate: Date | null; }'.
  Property 'lastPaymentDate' does not exist on type '{ companyId: string; monthlyFee: number; implementationFee: number; fixedCosts: number; variableCosts: number; paymentDay: number; totalPaid: number; }'.
src/app/(main)/admin/organizations/components/financial-tab.tsx(49,83): error TS2339: Property 'lastPaymentDate' does not exist on type '{ companyId: string; monthlyFee: number; implementationFee: number; fixedCosts: number; variableCosts: number; paymentDay: number; totalPaid: number; } | { monthlyFee: number; implementationFee: number; ... 7 more ...; lastPaymentDate: Date | null; }'.
  Property 'lastPaymentDate' does not exist on type '{ companyId: string; monthlyFee: number; implementationFee: number; fixedCosts: number; variableCosts: number; paymentDay: number; totalPaid: number; }'.
src/app/(main)/admin/organizations/organizations-client.tsx(198,45): error TS2367: This comparison appears to be unintentional because the types '"grid"' and '"list"' have no overlap.
src/app/(main)/admin/organizations/organizations-client.tsx(214,45): error TS2367: This comparison appears to be unintentional because the types '"grid"' and '"list"' have no overlap.
src/app/(main)/admin/organizations/organizations-client.tsx(219,49): error TS2367: This comparison appears to be unintentional because the types '"grid"' and '"list"' have no overlap.
src/app/(main)/admin/organizations/organizations-client.tsx(237,49): error TS2367: This comparison appears to be unintentional because the types '"grid"' and '"list"' have no overlap.
src/app/(main)/conexoes/page.tsx(48,63): error TS2322: Type 'false' is not assignable to type 'true'.
src/app/(main)/marketing/actions.ts(17,59): error TS2322: Type 'string | undefined' is not assignable to type 'string'.
  Type 'undefined' is not assignable to type 'string'.
src/app/(main)/marketing/actions.ts(17,69): error TS2322: Type 'string | undefined' is not assignable to type 'string'.
  Type 'undefined' is not assignable to type 'string'.
src/app/(main)/marketing/actions.ts(18,95): error TS2322: Type 'string | undefined' is not assignable to type 'string'.
  Type 'undefined' is not assignable to type 'string'.
src/app/(main)/marketing/actions.ts(18,111): error TS2322: Type 'string | undefined' is not assignable to type 'string'.
  Type 'undefined' is not assignable to type 'string'.
src/app/(main)/marketing/actions.ts(19,166): error TS2322: Type 'string | undefined' is not assignable to type 'string'.
  Type 'undefined' is not assignable to type 'string'.
src/app/(main)/marketing/actions.ts(19,183): error TS2322: Type 'string | undefined' is not assignable to type 'string'.
  Type 'undefined' is not assignable to type 'string'.
src/app/(main)/marketing/actions.ts(20,43): error TS2322: Type 'string | undefined' is not assignable to type 'string'.
  Type 'undefined' is not assignable to type 'string'.
src/app/(main)/marketing/actions.ts(20,104): error TS2322: Type 'string | undefined' is not assignable to type 'string'.
  Type 'undefined' is not assignable to type 'string'.
src/app/(main)/marketing/actions.ts(21,93): error TS2322: Type 'string | undefined' is not assignable to type 'string'.
  Type 'undefined' is not assignable to type 'string'.
src/app/(main)/marketing/actions.ts(21,109): error TS2322: Type 'string | undefined' is not assignable to type 'string'.
  Type 'undefined' is not assignable to type 'string'.
src/app/(main)/marketing/actions.ts(22,95): error TS2322: Type 'string | undefined' is not assignable to type 'string'.
  Type 'undefined' is not assignable to type 'string'.
src/app/(main)/marketing/actions.ts(22,111): error TS2322: Type 'string | undefined' is not assignable to type 'string'.
  Type 'undefined' is not assignable to type 'string'.
src/app/(main)/marketing/actions.ts(23,95): error TS2322: Type 'string | undefined' is not assignable to type 'string'.
  Type 'undefined' is not assignable to type 'string'.
src/app/(main)/marketing/actions.ts(23,111): error TS2322: Type 'string | undefined' is not assignable to type 'string'.
  Type 'undefined' is not assignable to type 'string'.
src/app/(main)/marketing/actions.ts(24,50): error TS2322: Type 'string | undefined' is not assignable to type 'string'.
  Type 'undefined' is not assignable to type 'string'.
src/app/(main)/marketing/actions.ts(30,14): error TS2322: Type 'string | undefined' is not assignable to type 'string'.
  Type 'undefined' is not assignable to type 'string'.
src/app/(main)/marketing/actions.ts(30,21): error TS2322: Type 'string | undefined' is not assignable to type 'string'.
  Type 'undefined' is not assignable to type 'string'.
src/app/(main)/marketing/actions.ts(72,31): error TS2532: Object is possibly 'undefined'.
src/app/(main)/marketing/actions.ts(74,31): error TS2532: Object is possibly 'undefined'.
src/app/(main)/marketing/actions.ts(107,52): error TS2532: Object is possibly 'undefined'.
src/app/(main)/marketing/actions.ts(125,31): error TS2532: Object is possibly 'undefined'.
src/app/(main)/marketing/actions.ts(127,72): error TS2532: Object is possibly 'undefined'.
src/app/(main)/marketing/actions.ts(132,93): error TS2532: Object is possibly 'undefined'.
src/app/(main)/marketing/actions.ts(180,120): error TS2532: Object is possibly 'undefined'.
src/app/(main)/marketing/actions.ts(242,122): error TS2532: Object is possibly 'undefined'.
src/app/(main)/marketing/actions.ts(467,49): error TS2532: Object is possibly 'undefined'.
src/app/(main)/marketing/marketing-client.tsx(169,71): error TS2339: Property 'from' does not exist on type 'DateRange | DateRange'.
  Property 'from' does not exist on type 'DateRange'.
src/app/(main)/marketing/marketing-client.tsx(169,100): error TS2339: Property 'to' does not exist on type 'DateRange | DateRange'.
  Property 'to' does not exist on type 'DateRange'.
src/app/(main)/marketing/marketing-client.tsx(170,75): error TS2339: Property 'from' does not exist on type 'DateRange | DateRange'.
  Property 'from' does not exist on type 'DateRange'.
src/app/(main)/marketing/marketing-client.tsx(170,104): error TS2339: Property 'to' does not exist on type 'DateRange | DateRange'.
  Property 'to' does not exist on type 'DateRange'.
src/app/(main)/pipeline/page.tsx(22,23): error TS18048: 'newFunnel' is possibly 'undefined'.
src/app/(main)/pipeline/page.tsx(23,23): error TS18048: 'newFunnel' is possibly 'undefined'.
src/app/(main)/pipeline/page.tsx(24,23): error TS18048: 'newFunnel' is possibly 'undefined'.
src/app/(main)/pipeline/page.tsx(25,23): error TS18048: 'newFunnel' is possibly 'undefined'.
src/app/(main)/pipeline/page.tsx(26,23): error TS18048: 'newFunnel' is possibly 'undefined'.
src/app/(main)/pipeline/page.tsx(43,52): error TS2532: Object is possibly 'undefined'.
src/app/(main)/pipeline/page.tsx(44,43): error TS18048: 'f' is possibly 'undefined'.
src/app/(main)/pipeline/page.tsx(46,47): error TS18048: 'currentFunnel' is possibly 'undefined'.
src/app/(main)/pipeline/page.tsx(66,24): error TS18048: 'f' is possibly 'undefined'.
src/app/(main)/pipeline/page.tsx(67,38): error TS18048: 'f' is possibly 'undefined'.
src/app/(main)/pipeline/page.tsx(68,71): error TS18048: 'f' is possibly 'undefined'.
src/app/(main)/pipeline/page.tsx(68,80): error TS18048: 'currentFunnel' is possibly 'undefined'.
src/app/(main)/pipeline/page.tsx(70,20): error TS18048: 'f' is possibly 'undefined'.
src/app/(main)/pipeline/page.tsx(85,12): error TS18048: 'currentFunnel' is possibly 'undefined'.
src/app/(main)/pipeline/page.tsx(91,32): error TS18048: 'currentFunnel' is possibly 'undefined'.
src/app/actions/automations-builder.ts(99,17): error TS2769: No overload matches this call.
  Overload 1 of 2, '(value: { companyId: string | SQL<unknown> | Placeholder<string, any>; automationId: string | SQL<unknown> | Placeholder<string, any>; nodeType: string | SQL<...> | Placeholder<...>; ... 5 more ...; positionY?: string | ... 3 more ... | undefined; }): PgInsertBase<...>', gave the following error.
    Argument of type '{ id: any; automationId: string; companyId: string; nodeType: any; positionX: number; positionY: number; label: any; config: any; }[]' is not assignable to parameter of type '{ companyId: string | SQL<unknown> | Placeholder<string, any>; automationId: string | SQL<unknown> | Placeholder<string, any>; nodeType: string | SQL<unknown> | Placeholder<...>; ... 5 more ...; positionY?: string | ... 3 more ... | undefined; }'.
      Type '{ id: any; automationId: string; companyId: string; nodeType: any; positionX: number; positionY: number; label: any; config: any; }[]' is missing the following properties from type '{ companyId: string | SQL<unknown> | Placeholder<string, any>; automationId: string | SQL<unknown> | Placeholder<string, any>; nodeType: string | SQL<unknown> | Placeholder<...>; ... 5 more ...; positionY?: string | ... 3 more ... | undefined; }': companyId, automationId, nodeType
  Overload 2 of 2, '(values: { companyId: string | SQL<unknown> | Placeholder<string, any>; automationId: string | SQL<unknown> | Placeholder<string, any>; nodeType: string | SQL<...> | Placeholder<...>; ... 5 more ...; positionY?: string | ... 3 more ... | undefined; }[]): PgInsertBase<...>', gave the following error.
    Argument of type '{ id: any; automationId: string; companyId: string; nodeType: any; positionX: number; positionY: number; label: any; config: any; }[]' is not assignable to parameter of type '{ companyId: string | SQL<unknown> | Placeholder<string, any>; automationId: string | SQL<unknown> | Placeholder<string, any>; nodeType: string | SQL<unknown> | Placeholder<...>; ... 5 more ...; positionY?: string | ... 3 more ... | undefined; }[]'.
      Type '{ id: any; automationId: string; companyId: string; nodeType: any; positionX: number; positionY: number; label: any; config: any; }' is not assignable to type '{ companyId: string | SQL<unknown> | Placeholder<string, any>; automationId: string | SQL<unknown> | Placeholder<string, any>; nodeType: string | SQL<unknown> | Placeholder<...>; ... 5 more ...; positionY?: string | ... 3 more ... | undefined; }'.
        Types of property 'positionX' are incompatible.
          Type 'number' is not assignable to type 'string | SQL<unknown> | Placeholder<string, any> | null | undefined'.
src/app/actions/automations-builder.ts(147,174): error TS2339: Property 'companyId' does not exist on type 'PgTableWithColumns<{ name: "funnel_stages"; schema: undefined; columns: { id: PgColumn<{ name: "id"; tableName: "funnel_stages"; dataType: "string"; columnType: "PgText"; data: string; driverParam: string; notNull: true; ... 7 more ...; generated: undefined; }, {}, {}>; ... 4 more ...; createdAt: PgColumn<...>; }; d...'.
src/app/actions/superadmin-actions.ts(146,18): error TS2339: Property 'id' does not exist on type '{ id: string; } | undefined'.
src/app/actions/superadmin-actions.ts(250,90): error TS2532: Object is possibly 'undefined'.
src/app/actions/superadmin-actions.ts(251,111): error TS2532: Object is possibly 'undefined'.
src/app/actions/superadmin-actions.ts(252,90): error TS2532: Object is possibly 'undefined'.
src/app/actions/superadmin-actions.ts(253,99): error TS2532: Object is possibly 'undefined'.
src/app/actions/superadmin-actions.ts(254,79): error TS2532: Object is possibly 'undefined'.
src/app/api/auth/meta-callback/route.ts(115,52): error TS2532: Object is possibly 'undefined'.
src/app/api/internal/init-worker/route.ts(348,59): error TS2339: Property 'default' does not exist on type 'typeof import("C:/Users/Administrator/Desktop/MASTER-IA-PROJECT/src/services/meeting-reminder.service")'.
src/app/api/test-ai-trigger/route.ts(137,73): error TS2345: Argument of type '{ dryRunSend: boolean; }' is not assignable to parameter of type 'boolean | undefined'.
src/app/api/v1/admin/companies/[id]/route.ts(41,61): error TS2345: Argument of type '{ params: { id: string; }; }' is not assignable to parameter of type '{ params: Promise<{ id: string; }>; }'.
  Types of property 'params' are incompatible.
    Type '{ id: string; }' is missing the following properties from type 'Promise<{ id: string; }>': then, catch, finally, [Symbol.toStringTag]
src/app/api/v1/admin/users/[id]/route.ts(45,61): error TS2345: Argument of type '{ params: { id: string; }; }' is not assignable to parameter of type '{ params: Promise<{ id: string; }>; }'.
  Types of property 'params' are incompatible.
    Type '{ id: string; }' is missing the following properties from type 'Promise<{ id: string; }>': then, catch, finally, [Symbol.toStringTag]
src/app/api/v1/alerts/[alertId]/acknowledge/route.ts(5,8): error TS2613: Module '"C:/Users/Administrator/Desktop/MASTER-IA-PROJECT/src/services/alert.service"' has no default export. Did you mean to use 'import { AlertService } from "C:/Users/Administrator/Desktop/MASTER-IA-PROJECT/src/services/alert.service"' instead?
src/app/api/v1/alerts/[alertId]/resolve/route.ts(5,8): error TS2613: Module '"C:/Users/Administrator/Desktop/MASTER-IA-PROJECT/src/services/alert.service"' has no default export. Did you mean to use 'import { AlertService } from "C:/Users/Administrator/Desktop/MASTER-IA-PROJECT/src/services/alert.service"' instead?
src/app/api/v1/alerts/settings/route.ts(5,8): error TS2613: Module '"C:/Users/Administrator/Desktop/MASTER-IA-PROJECT/src/services/alert.service"' has no default export. Did you mean to use 'import { AlertService } from "C:/Users/Administrator/Desktop/MASTER-IA-PROJECT/src/services/alert.service"' instead?
src/app/api/v1/automation-flows/executions/route.ts(80,17): error TS2532: Object is possibly 'undefined'.
src/app/api/v1/automation-flows/test-real/route.ts(68,58): error TS18048: 'execution' is possibly 'undefined'.
src/app/api/v1/automation-flows/test-real/route.ts(72,40): error TS18048: 'execution' is possibly 'undefined'.
src/app/api/v1/automation-flows/test-real/route.ts(77,56): error TS18048: 'execution' is possibly 'undefined'.
src/app/api/v1/automation-flows/test-real/route.ts(82,52): error TS18048: 'execution' is possibly 'undefined'.
src/app/api/v1/automation-flows/test-real/route.ts(88,60): error TS18048: 'execution' is possibly 'undefined'.
src/app/api/v1/automation-flows/test-real/route.ts(97,26): error TS18048: 'execution' is possibly 'undefined'.
src/app/api/v1/campaigns/[campaignId]/delivery-report/route.ts(67,78): error TS2552: Cannot find name 'campaignId'. Did you mean 'campaigns'?
src/app/api/v1/campaigns/[campaignId]/retry-failed/route.ts(149,62): error TS2552: Cannot find name 'campaignId'. Did you mean 'campaigns'?
src/app/api/v1/campaigns/[campaignId]/retry-failed/route.ts(197,63): error TS2552: Cannot find name 'campaignId'. Did you mean 'campaigns'?
src/app/api/v1/campaigns/[campaignId]/route.ts(84,50): error TS2552: Cannot find name 'campaignId'. Did you mean 'campaigns'?
src/app/api/v1/campaigns/baileys/route.ts(127,27): error TS2304: Cannot find name 'ignoredListsCount'.
src/app/api/v1/contacts/[contactId]/meetings/[meetingId]/route.ts(225,17): error TS2532: Object is possibly 'undefined'.
src/app/api/v1/contacts/[contactId]/meetings/[meetingId]/route.ts(225,50): error TS2532: Object is possibly 'undefined'.
src/app/api/v1/ia/personas/[personaId]/route.ts(154,18): error TS2345: Argument of type '{ updatedAt: Date; kanbanBoardId?: string | null | undefined; resources: { name: string; type: "TEXT" | "LINK" | "PIX" | "IMAGE"; isActive: boolean; content: string; id?: string | undefined; description?: string | undefined; }[]; ... 33 more ...; meetingReminderMinutes?: number | undefined; }' is not assignable to parameter of type '{ name?: string | SQL<unknown> | PgColumn<ColumnBaseConfig<ColumnDataType, string>, {}, {}> | undefined; companyId?: string | SQL<unknown> | PgColumn<...> | undefined; ... 37 more ...; kanbanBoardId?: string | ... 3 more ... | undefined; }'.
  Types of property 'resources' are incompatible.
    Type '{ name: string; type: "TEXT" | "LINK" | "PIX" | "IMAGE"; isActive: boolean; content: string; id?: string | undefined; description?: string | undefined; }[]' is not assignable to type 'SQL<unknown> | PgColumn<ColumnBaseConfig<ColumnDataType, string>, {}, {}> | AgentResource[] | null | undefined'.
      Type '{ name: string; type: "TEXT" | "LINK" | "PIX" | "IMAGE"; isActive: boolean; content: string; id?: string | undefined; description?: string | undefined; }[]' is not assignable to type 'AgentResource[]'.
        Type '{ name: string; type: "TEXT" | "LINK" | "PIX" | "IMAGE"; isActive: boolean; content: string; id?: string | undefined; description?: string | undefined; }' is not assignable to type 'AgentResource'.
          Types of property 'id' are incompatible.
            Type 'string | undefined' is not assignable to type 'string'.
              Type 'undefined' is not assignable to type 'string'.
src/app/api/v1/ia/personas/route.ts(109,58): error TS2769: No overload matches this call.
  Overload 1 of 2, '(value: { name: string | SQL<unknown> | Placeholder<string, any>; companyId: string | SQL<unknown> | Placeholder<string, any>; provider: SQL<unknown> | Placeholder<string, any> | "GEMINI"; ... 36 more ...; kanbanBoardId?: string | ... 3 more ... | undefined; }): PgInsertBase<...>', gave the following error.
    Argument of type '{ provider: "GEMINI"; name: string; agentType: "GENERAL" | "ATENDIMENTO" | "SDR" | "VENDAS" | "ONBOARDING" | "RELATOR"; model: string; temperature: string; topP: string; isTriggerActive: boolean; ... 19 more ...; companyId: string; }' is not assignable to parameter of type '{ name: string | SQL<unknown> | Placeholder<string, any>; companyId: string | SQL<unknown> | Placeholder<string, any>; provider: SQL<unknown> | Placeholder<string, any> | "GEMINI"; ... 36 more ...; kanbanBoardId?: string | ... 3 more ... | undefined; }'.
      Types of property 'resources' are incompatible.
        Type '{ name: string; type: "TEXT" | "LINK" | "PIX" | "IMAGE"; isActive: boolean; content: string; id?: string | undefined; description?: string | undefined; }[]' is not assignable to type 'SQL<unknown> | Placeholder<string, any> | AgentResource[] | null | undefined'.
          Type '{ name: string; type: "TEXT" | "LINK" | "PIX" | "IMAGE"; isActive: boolean; content: string; id?: string | undefined; description?: string | undefined; }[]' is not assignable to type 'AgentResource[]'.
            Type '{ name: string; type: "TEXT" | "LINK" | "PIX" | "IMAGE"; isActive: boolean; content: string; id?: string | undefined; description?: string | undefined; }' is not assignable to type 'AgentResource'.
              Types of property 'id' are incompatible.
                Type 'string | undefined' is not assignable to type 'string'.
                  Type 'undefined' is not assignable to type 'string'.
  Overload 2 of 2, '(values: { name: string | SQL<unknown> | Placeholder<string, any>; companyId: string | SQL<unknown> | Placeholder<string, any>; provider: SQL<unknown> | Placeholder<string, any> | "GEMINI"; ... 36 more ...; kanbanBoardId?: string | ... 3 more ... | undefined; }[]): PgInsertBase<...>', gave the following error.
    Object literal may only specify known properties, and 'provider' does not exist in type '{ name: string | SQL<unknown> | Placeholder<string, any>; companyId: string | SQL<unknown> | Placeholder<string, any>; provider: SQL<unknown> | Placeholder<string, any> | "GEMINI"; ... 36 more ...; kanbanBoardId?: string | ... 3 more ... | undefined; }[]'.
src/app/api/v1/ia/tts/preview/route.ts(28,33): error TS2345: Argument of type 'Buffer<ArrayBufferLike>' is not assignable to parameter of type 'BodyInit | null | undefined'.
  Type 'Buffer<ArrayBufferLike>' is missing the following properties from type 'URLSearchParams': size, append, delete, get, and 2 more.
src/app/api/v1/media/[mediaId]/handle/route.ts(121,13): error TS2769: No overload matches this call.
  Overload 1 of 2, '(input: string | URL | Request, init?: RequestInit | undefined): Promise<Response>', gave the following error.
    Type 'Buffer<ArrayBufferLike>' is not assignable to type 'BodyInit | null | undefined'.
      Type 'Buffer<ArrayBufferLike>' is missing the following properties from type 'URLSearchParams': size, append, delete, get, and 2 more.
  Overload 2 of 2, '(input: URL | RequestInfo, init?: RequestInit | undefined): Promise<Response>', gave the following error.
    Type 'Buffer<ArrayBufferLike>' is not assignable to type 'BodyInit | null | undefined'.
      Type 'Buffer<ArrayBufferLike>' is missing the following properties from type 'URLSearchParams': size, append, delete, get, and 2 more.
src/app/api/v1/voice/retell/agents/[agentId]/route.ts(41,116): error TS2304: Cannot find name 'agentId'.
src/app/api/v1/voice/retell/agents/[agentId]/route.ts(90,119): error TS2304: Cannot find name 'agentId'.
src/app/api/v1/voice/retell/agents/[agentId]/route.ts(128,117): error TS2304: Cannot find name 'agentId'.
src/app/api/v1/voice/twilio/numbers/[sid]/route.ts(40,112): error TS2304: Cannot find name 'sid'.
src/app/api/v1/voice/twilio/numbers/[sid]/route.ts(88,115): error TS2304: Cannot find name 'sid'.
src/app/api/v1/webhooks/evolution/route.ts(133,45): error TS18048: 'contact' is possibly 'undefined'.
src/app/api/v1/webhooks/evolution/route.ts(140,28): error TS18048: 'contact' is possibly 'undefined'.
src/app/api/v1/webhooks/evolution/route.ts(152,32): error TS18048: 'conversation' is possibly 'undefined'.
src/app/api/v1/webhooks/evolution/route.ts(220,30): error TS18048: 'newMsg' is possibly 'undefined'.
src/app/api/v1/webhooks/evolution/route.ts(252,21): error TS18048: 'conversation' is possibly 'undefined'.
src/app/api/v1/webhooks/evolution/route.ts(255,64): error TS18048: 'contact' is possibly 'undefined'.
src/app/api/v1/webhooks/evolution/route.ts(257,95): error TS18048: 'contact' is possibly 'undefined'.
src/components/admin/global-credentials-drawer.tsx(46,29): error TS2339: Property 'openaiApiKey' does not exist on type '{ success: boolean; data?: any; error?: string | undefined; }'.
src/components/admin/global-credentials-drawer.tsx(47,29): error TS2339: Property 'geminiApiKey' does not exist on type '{ success: boolean; data?: any; error?: string | undefined; }'.
src/components/admin/global-credentials-drawer.tsx(48,33): error TS2339: Property 'elevenlabsApiKey' does not exist on type '{ success: boolean; data?: any; error?: string | undefined; }'.
src/components/atendimentos/active-chat.tsx(180,34): error TS2532: Object is possibly 'undefined'.
src/components/atendimentos/active-chat.tsx(188,40): error TS18048: 'lastMessage' is possibly 'undefined'.
src/components/atendimentos/active-chat.tsx(190,36): error TS18048: 'lastMessage' is possibly 'undefined'.
src/components/atendimentos/active-chat.tsx(296,37): error TS18048: 'lastTag' is possibly 'undefined'.
src/components/atendimentos/active-chat.tsx(296,72): error TS18048: 'lastTag' is possibly 'undefined'.
src/components/atendimentos/active-chat.tsx(298,22): error TS18048: 'lastTag' is possibly 'undefined'.
src/components/atendimentos/active-chat.tsx(547,23): error TS2322: Type '{ message: any; allMessages: any; contactName: string; onReply: (m: any) => void; onCopy: (text: any) => Promise<void>; }' is not assignable to type 'IntrinsicAttributes & { message: MessageWithReactions; allMessages: MessageWithReactions[]; contactName?: string | null | undefined; }'.
  Property 'onReply' does not exist on type 'IntrinsicAttributes & { message: MessageWithReactions; allMessages: MessageWithReactions[]; contactName?: string | null | undefined; }'.
src/components/atendimentos/active-chat.tsx(547,33): error TS7006: Parameter 'm' implicitly has an 'any' type.
src/components/atendimentos/active-chat.tsx(548,32): error TS7006: Parameter 'text' implicitly has an 'any' type.
src/components/atendimentos/chat/MessageBubble.tsx(58,5): error TS2322: Type 'string | undefined' is not assignable to type 'string'.
  Type 'undefined' is not assignable to type 'string'.
src/components/atendimentos/chat/MessageBubble.tsx(58,18): error TS18048: 'lastTokenStr' is possibly 'undefined'.
src/components/atendimentos/chat/MessageBubble.tsx(90,79): error TS2322: Type '{ className: string; title: string; }' is not assignable to type 'IntrinsicAttributes & Omit<LucideProps, "ref"> & RefAttributes<SVGSVGElement>'.
  Property 'title' does not exist on type 'IntrinsicAttributes & Omit<LucideProps, "ref"> & RefAttributes<SVGSVGElement>'.
src/components/atendimentos/chat/MessageBubble.tsx(94,79): error TS2322: Type '{ className: string; title: string; }' is not assignable to type 'IntrinsicAttributes & Omit<LucideProps, "ref"> & RefAttributes<SVGSVGElement>'.
  Property 'title' does not exist on type 'IntrinsicAttributes & Omit<LucideProps, "ref"> & RefAttributes<SVGSVGElement>'.
src/components/atendimentos/chat/MessageBubble.tsx(97,87): error TS2322: Type '{ className: string; title: string; }' is not assignable to type 'IntrinsicAttributes & Omit<LucideProps, "ref"> & RefAttributes<SVGSVGElement>'.
  Property 'title' does not exist on type 'IntrinsicAttributes & Omit<LucideProps, "ref"> & RefAttributes<SVGSVGElement>'.
src/components/atendimentos/chat/MessageBubble.tsx(100,82): error TS2322: Type '{ className: string; title: string; }' is not assignable to type 'IntrinsicAttributes & Omit<LucideProps, "ref"> & RefAttributes<SVGSVGElement>'.
  Property 'title' does not exist on type 'IntrinsicAttributes & Omit<LucideProps, "ref"> & RefAttributes<SVGSVGElement>'.
src/components/atendimentos/chat/MessageBubble.tsx(102,80): error TS2322: Type '{ className: string; title: string; }' is not assignable to type 'IntrinsicAttributes & Omit<LucideProps, "ref"> & RefAttributes<SVGSVGElement>'.
  Property 'title' does not exist on type 'IntrinsicAttributes & Omit<LucideProps, "ref"> & RefAttributes<SVGSVGElement>'.
src/components/automations/automation-editor.tsx(325,65): error TS2554: Expected 3 arguments, but got 4.
src/components/automations/automation-editor.tsx(328,65): error TS2554: Expected 3 arguments, but got 4.
src/components/automations/automation-editor.tsx(332,61): error TS2554: Expected 3 arguments, but got 4.
src/components/automations/automation-editor.tsx(439,52): error TS2345: Argument of type 'string | null' is not assignable to parameter of type 'string'.
  Type 'null' is not assignable to type 'string'.
src/components/automations/automation-editor.tsx(962,17): error TS2322: Type '{ flowId: string; companyId: string; isOpen: boolean; onClose: () => void; }' is not assignable to type 'IntrinsicAttributes & ExecutionHistoryPanelProps'.
  Property 'flowId' does not exist on type 'IntrinsicAttributes & ExecutionHistoryPanelProps'.
src/components/automations/AutomationCard.tsx(2,29): error TS2307: Cannot find module 'react-router-dom' or its corresponding type declarations.
src/components/automations/AutomationCard.tsx(3,49): error TS2307: Cannot find module '@/pages/Automations' or its corresponding type declarations.
src/components/automations/AutomationCard.tsx(29,48): error TS2307: Cannot find module '@/lib/automation-export-import' or its corresponding type declarations.
src/components/automations/AutomationCard.tsx(142,29): error TS18048: 'status' is possibly 'undefined'.
src/components/automations/AutomationCard.tsx(143,16): error TS18048: 'status' is possibly 'undefined'.
src/components/automations/AutomationCreateDialog.tsx(23,49): error TS2307: Cannot find module '@/pages/Automations' or its corresponding type declarations.
src/components/automations/AutomationCreateDialog.tsx(121,60): error TS2339: Property 'id' does not exist on type 'never'.
src/components/automations/AutomationFlowEditor.tsx(293,15): error TS2339: Property 'automation' does not exist on type '{ automation: { id: string; companyId: string; name: string; isActive: boolean; visualData: unknown; executionLogic: unknown; triggerType: string; webhookToken: string | null; scheduleConfig: unknown; createdAt: Date; updatedAt: Date; } | undefined; nodes: { ...; }[]; edges: { ...; }[]; } | null'.
src/components/automations/AutomationFlowEditor.tsx(293,27): error TS2339: Property 'nodes' does not exist on type '{ automation: { id: string; companyId: string; name: string; isActive: boolean; visualData: unknown; executionLogic: unknown; triggerType: string; webhookToken: string | null; scheduleConfig: unknown; createdAt: Date; updatedAt: Date; } | undefined; nodes: { ...; }[]; edges: { ...; }[]; } | null'.
src/components/automations/AutomationFlowEditor.tsx(293,43): error TS2339: Property 'edges' does not exist on type '{ automation: { id: string; companyId: string; name: string; isActive: boolean; visualData: unknown; executionLogic: unknown; triggerType: string; webhookToken: string | null; scheduleConfig: unknown; createdAt: Date; updatedAt: Date; } | undefined; nodes: { ...; }[]; edges: { ...; }[]; } | null'.
src/components/automations/AutomationFlowEditor.tsx(304,19): error TS2322: Type '{ id: string; type: string; position: { x: number; y: number; }; data: { label: string; config: { trigger_type: any; webhook_token: any; schedule_config: any; }; }; }' is not assignable to type 'never'.
src/components/automations/AutomationFlowEditor.tsx(343,14): error TS2345: Argument of type '(eds: never[]) => EdgeBase[]' is not assignable to parameter of type 'SetStateAction<never[]>'.
  Type '(eds: never[]) => EdgeBase[]' is not assignable to type '(prevState: never[]) => never[]'.
    Type 'EdgeBase[]' is not assignable to type 'never[]'.
      Type 'EdgeBase' is not assignable to type 'never'.
src/components/automations/AutomationFlowEditor.tsx(355,49): error TS2532: Object is possibly 'undefined'.
src/components/automations/AutomationFlowEditor.tsx(356,49): error TS2532: Object is possibly 'undefined'.
src/components/automations/AutomationFlowEditor.tsx(383,16): error TS2345: Argument of type '(nds: never[]) => Node[]' is not assignable to parameter of type 'SetStateAction<never[]>'.
  Type '(nds: never[]) => Node[]' is not assignable to type '(prevState: never[]) => never[]'.
    Type 'Node[]' is not assignable to type 'never[]'.
      Type 'Node' is not assignable to type 'never'.
src/components/automations/AutomationFlowEditor.tsx(386,18): error TS2345: Argument of type '(eds: never[]) => { id: string; source: string; sourceHandle: string | undefined; target: string; type: string; }[]' is not assignable to parameter of type 'SetStateAction<never[]>'.
  Type '(eds: never[]) => { id: string; source: string; sourceHandle: string | undefined; target: string; type: string; }[]' is not assignable to type '(prevState: never[]) => never[]'.
    Type '{ id: string; source: string; sourceHandle: string | undefined; target: string; type: string; }[]' is not assignable to type 'never[]'.
      Type '{ id: string; source: string; sourceHandle: string | undefined; target: string; type: string; }' is not assignable to type 'never'.
src/components/automations/AutomationFlowEditor.tsx(401,43): error TS2339: Property 'id' does not exist on type 'never'.
src/components/automations/AutomationFlowEditor.tsx(405,14): error TS2345: Argument of type '(nds: never[]) => any[]' is not assignable to parameter of type 'SetStateAction<never[]>'.
  Type '(nds: never[]) => any[]' is not assignable to type '(prevState: never[]) => never[]'.
    Type 'any[]' is not assignable to type 'never[]'.
      Type 'any' is not assignable to type 'never'.
src/components/automations/AutomationFlowEditor.tsx(405,40): error TS2339: Property 'id' does not exist on type 'never'.
src/components/automations/AutomationFlowEditor.tsx(405,58): error TS2698: Spread types may only be created from object types.
src/components/automations/AutomationFlowEditor.tsx(405,77): error TS2339: Property 'data' does not exist on type 'never'.
src/components/automations/AutomationFlowEditor.tsx(409,14): error TS2345: Argument of type '(nds: never[]) => { position: { x: number; y: number; }; id: string; data: Record<string, unknown>; sourcePosition?: Position | undefined; targetPosition?: Position | undefined; ... 26 more ...; domAttributes?: Omit<...> | undefined; }[]' is not assignable to parameter of type 'SetStateAction<never[]>'.
  Type '(nds: never[]) => { position: { x: number; y: number; }; id: string; data: Record<string, unknown>; sourcePosition?: Position | undefined; targetPosition?: Position | undefined; ... 26 more ...; domAttributes?: Omit<...> | undefined; }[]' is not assignable to type '(prevState: never[]) => never[]'.
    Type '{ position: { x: number; y: number; }; id: string; data: Record<string, unknown>; sourcePosition?: Position | undefined; targetPosition?: Position | undefined; hidden?: boolean | undefined; ... 25 more ...; domAttributes?: Omit<...> | undefined; }[]' is not assignable to type 'never[]'.
      Type '{ position: { x: number; y: number; }; id: string; data: Record<string, unknown>; sourcePosition?: Position; targetPosition?: Position; hidden?: boolean; ... 25 more ...; domAttributes?: Omit<HTMLAttributes<HTMLDivElement>, "id" | "style" | "className" | "draggable" | "role" | "aria-label" | "defaultValue" | "danger...' is not assignable to type 'never'.
src/components/automations/AutomationFlowEditor.tsx(417,14): error TS2345: Argument of type '(nds: never[]) => any[]' is not assignable to parameter of type 'SetStateAction<never[]>'.
  Type '(nds: never[]) => any[]' is not assignable to type '(prevState: never[]) => never[]'.
    Type 'any[]' is not assignable to type 'never[]'.
      Type 'any' is not assignable to type 'never'.
src/components/automations/AutomationFlowEditor.tsx(417,40): error TS2339: Property 'id' does not exist on type 'never'.
src/components/automations/AutomationFlowEditor.tsx(417,58): error TS2698: Spread types may only be created from object types.
src/components/automations/AutomationFlowEditor.tsx(417,77): error TS2339: Property 'data' does not exist on type 'never'.
src/components/automations/AutomationFlowEditor.tsx(421,43): error TS2339: Property 'id' does not exist on type 'never'.
src/components/automations/AutomationFlowEditor.tsx(422,43): error TS2339: Property 'source' does not exist on type 'never'.
src/components/automations/AutomationFlowEditor.tsx(422,66): error TS2339: Property 'target' does not exist on type 'never'.
src/components/automations/AutomationFlowEditor.tsx(426,14): error TS2345: Argument of type '(nds: never[]) => Node[]' is not assignable to parameter of type 'SetStateAction<never[]>'.
  Type '(nds: never[]) => Node[]' is not assignable to type '(prevState: never[]) => never[]'.
    Type 'Node[]' is not assignable to type 'never[]'.
      Type 'Node' is not assignable to type 'never'.
src/components/automations/AutomationFlowEditor.tsx(427,42): error TS2339: Property 'id' does not exist on type 'never'.
src/components/automations/AutomationFlowEditor.tsx(429,33): error TS2339: Property 'type' does not exist on type 'never'.
src/components/automations/AutomationFlowEditor.tsx(432,24): error TS2339: Property 'type' does not exist on type 'never'.
src/components/automations/AutomationFlowEditor.tsx(433,34): error TS2339: Property 'position' does not exist on type 'never'.
src/components/automations/AutomationFlowEditor.tsx(433,71): error TS2339: Property 'position' does not exist on type 'never'.
src/components/automations/AutomationFlowEditor.tsx(434,55): error TS2339: Property 'data' does not exist on type 'never'.
src/components/automations/AutomationFlowEditor.tsx(441,38): error TS2339: Property 'id' does not exist on type 'never'.
src/components/automations/AutomationFlowEditor.tsx(449,28): error TS2339: Property 'data' does not exist on type 'never'.
src/components/automations/AutomationFlowEditor.tsx(450,29): error TS2339: Property 'type' does not exist on type 'never'.
src/components/automations/AutomationFlowEditor.tsx(556,22): error TS18048: 'msg' is possibly 'undefined'.
src/components/automations/AutomationFlowEditor.tsx(557,27): error TS18048: 'msg' is possibly 'undefined'.
src/components/automations/AutomationFlowEditor.tsx(559,15): error TS18048: 'msg' is possibly 'undefined'.
src/components/automations/AutomationFlowEditor.tsx(559,49): error TS18048: 'msg' is possibly 'undefined'.
src/components/automations/AutomationFlowEditor.tsx(560,15): error TS18048: 'msg' is possibly 'undefined'.
src/components/automations/AutomationFlowEditor.tsx(560,51): error TS18048: 'msg' is possibly 'undefined'.
src/components/automations/AutomationFlowEditor.tsx(565,19): error TS18048: 'msg' is possibly 'undefined'.
src/components/automations/AutomationFlowEditor.tsx(565,48): error TS18048: 'msg' is possibly 'undefined'.
src/components/automations/AutomationFlowEditor.tsx(565,63): error TS18048: 'msg' is possibly 'undefined'.
src/components/automations/AutomationFlowEditor.tsx(566,49): error TS2339: Property 'error' does not exist on type '{ message: string; }'.
src/components/automations/AutomationFlowEditor.tsx(568,31): error TS2339: Property 'message' does not exist on type 'never'.
src/components/automations/AutomationFlowEditor.tsx(568,52): error TS2339: Property 'error' does not exist on type '{ message: string; }'.
src/components/automations/AutomationFlowEditor.tsx(639,52): error TS2339: Property 'message' does not exist on type 'never'.
src/components/automations/AutomationFlowEditor.tsx(640,24): error TS2339: Property 'error' does not exist on type '{ message: string; }'.
src/components/automations/AutomationFlowEditor.tsx(640,78): error TS2339: Property 'error' does not exist on type '{ message: string; }'.
src/components/automations/AutomationFlowEditor.tsx(642,29): error TS2339: Property 'data' does not exist on type '{ message: string; }'.
src/components/automations/AutomationFlowEditor.tsx(710,52): error TS2339: Property 'message' does not exist on type 'never'.
src/components/automations/AutomationFlowEditor.tsx(711,24): error TS2339: Property 'error' does not exist on type '{ message: string; }'.
src/components/automations/AutomationFlowEditor.tsx(711,57): error TS2339: Property 'error' does not exist on type '{ message: string; }'.
src/components/automations/AutomationFlowEditor.tsx(762,54): error TS2339: Property 'message' does not exist on type 'never'.
src/components/automations/AutomationFlowEditor.tsx(763,25): error TS2339: Property 'error' does not exist on type '{ message: string; }'.
src/components/automations/AutomationFlowEditor.tsx(763,59): error TS2339: Property 'error' does not exist on type '{ message: string; }'.
src/components/automations/AutomationFlowEditor.tsx(765,44): error TS2339: Property 'output' does not exist on type '{ message: string; }'.
src/components/automations/AutomationFlowEditor.tsx(770,34): error TS2339: Property 'output' does not exist on type '{ message: string; }'.
src/components/automations/AutomationFlowEditor.tsx(771,29): error TS2339: Property 'usage' does not exist on type '{ message: string; }'.
src/components/automations/AutomationFlowEditor.tsx(825,54): error TS2339: Property 'message' does not exist on type 'never'.
src/components/automations/AutomationFlowEditor.tsx(826,25): error TS2339: Property 'error' does not exist on type '{ message: string; }'.
src/components/automations/AutomationFlowEditor.tsx(826,59): error TS2339: Property 'error' does not exist on type '{ message: string; }'.
src/components/automations/AutomationFlowEditor.tsx(829,39): error TS2339: Property 'output' does not exist on type '{ message: string; }'.
src/components/automations/AutomationFlowEditor.tsx(856,51): error TS2339: Property 'error' does not exist on type '{ message: string; }'.
src/components/automations/AutomationFlowEditor.tsx(858,33): error TS2339: Property 'message' does not exist on type 'never'.
src/components/automations/AutomationFlowEditor.tsx(858,54): error TS2339: Property 'error' does not exist on type '{ message: string; }'.
src/components/automations/AutomationFlowEditor.tsx(911,45): error TS2339: Property 'type' does not exist on type 'never'.
src/components/automations/AutomationFlowEditor.tsx(912,35): error TS2339: Property 'data' does not exist on type 'never'.
src/components/automations/AutomationFlowEditor.tsx(916,17): error TS2339: Property 'id' does not exist on type 'never'.
src/components/automations/AutomationFlowEditor.tsx(917,23): error TS2339: Property 'type' does not exist on type 'never'.
src/components/automations/AutomationFlowEditor.tsx(918,35): error TS2339: Property 'position' does not exist on type 'never'.
src/components/automations/AutomationFlowEditor.tsx(919,35): error TS2339: Property 'position' does not exist on type 'never'.
src/components/automations/AutomationFlowEditor.tsx(920,21): error TS2339: Property 'data' does not exist on type 'never'.
src/components/automations/AutomationFlowEditor.tsx(921,21): error TS2339: Property 'data' does not exist on type 'never'.
src/components/automations/AutomationFlowEditor.tsx(926,15): error TS2339: Property 'id' does not exist on type 'never'.
src/components/automations/AutomationFlowEditor.tsx(927,25): error TS2339: Property 'source' does not exist on type 'never'.
src/components/automations/AutomationFlowEditor.tsx(928,25): error TS2339: Property 'target' does not exist on type 'never'.
src/components/automations/AutomationFlowEditor.tsx(929,27): error TS2339: Property 'sourceHandle' does not exist on type 'never'.
src/components/automations/AutomationFlowEditor.tsx(930,34): error TS2339: Property 'label' does not exist on type 'never'.
src/components/automations/AutomationFlowEditor.tsx(930,57): error TS2339: Property 'label' does not exist on type 'never'.
src/components/automations/AutomationFlowEditor.tsx(931,28): error TS2339: Property 'data' does not exist on type 'never'.
src/components/automations/AutomationFlowEditor.tsx(937,9): error TS2554: Expected 2 arguments, but got 7.
src/components/automations/AutomationFlowEditor.tsx(987,13): error TS2322: Type 'any[]' is not assignable to type 'never[]'.
  Type 'any' is not assignable to type 'never'.
src/components/automations/AutomationFlowEditor.tsx(988,15): error TS2698: Spread types may only be created from object types.
src/components/automations/AutomationFlowEditor.tsx(991,22): error TS2339: Property 'data' does not exist on type 'never'.
src/components/automations/AutomationFlowEditor.tsx(996,36): error TS2339: Property 'id' does not exist on type 'never'.
src/components/automations/AutomationFlowEditor.tsx(998,43): error TS2339: Property 'id' does not exist on type 'never'.
src/components/automations/AutomationFlowEditor.tsx(999,41): error TS2339: Property 'id' does not exist on type 'never'.
src/components/automations/AutomationFlowEditor.tsx(1000,51): error TS2339: Property 'id' does not exist on type 'never'.
src/components/automations/AutomationFlowEditor.tsx(1001,47): error TS2339: Property 'id' does not exist on type 'never'.
src/components/automations/AutomationFlowEditor.tsx(1008,13): error TS2322: Type 'any[]' is not assignable to type 'never[]'.
  Type 'any' is not assignable to type 'never'.
src/components/automations/AutomationFlowEditor.tsx(1009,15): error TS2698: Spread types may only be created from object types.
src/components/automations/AutomationFlowEditor.tsx(1011,30): error TS2339: Property 'data' does not exist on type 'never'.
src/components/automations/AutomationList.tsx(1,49): error TS2307: Cannot find module '@/pages/Automations' or its corresponding type declarations.
src/components/automations/ExecutionHistoryPanel.tsx(62,35): error TS2345: Argument of type 'string | undefined' is not assignable to parameter of type 'string'.
  Type 'undefined' is not assignable to type 'string'.
src/components/automations/ExecutionHistoryPanel.tsx(76,31): error TS2345: Argument of type 'string | undefined' is not assignable to parameter of type 'string'.
  Type 'undefined' is not assignable to type 'string'.
src/components/automations/ExecutionHistoryPanel.tsx(76,64): error TS2345: Argument of type 'string | undefined' is not assignable to parameter of type 'string'.
  Type 'undefined' is not assignable to type 'string'.
src/components/automations/ExecutionHistoryPanel.tsx(76,101): error TS2345: Argument of type 'string | undefined' is not assignable to parameter of type 'string'.
  Type 'undefined' is not assignable to type 'string'.
src/components/automations/ExecutionHistoryPanel.tsx(258,34): error TS18048: 'statusCfg' is possibly 'undefined'.
src/components/automations/ExecutionHistoryPanel.tsx(279,67): error TS18048: 'statusCfg' is possibly 'undefined'.
src/components/automations/ExecutionHistoryPanel.tsx(286,74): error TS18048: 'statusCfg' is possibly 'undefined'.
src/components/automations/ExecutionHistoryPanel.tsx(286,93): error TS18048: 'statusCfg' is possibly 'undefined'.
src/components/automations/FunnelAutoAssignDialog.tsx(10,37): error TS2307: Cannot find module '@/pages/Automations' or its corresponding type declarations.
src/components/automations/ImportAutomationDialog.tsx(16,29): error TS2307: Cannot find module 'react-router-dom' or its corresponding type declarations.
src/components/automations/ImportAutomationDialog.tsx(17,62): error TS2307: Cannot find module '@/lib/automation-export-import' or its corresponding type declarations.
src/components/automations/ImportAutomationDialog.tsx(76,40): error TS2339: Property 'user' does not exist on type 'never'.
src/components/automations/KommoImportDialog.tsx(16,29): error TS2307: Cannot find module 'react-router-dom' or its corresponding type declarations.
src/components/automations/KommoImportDialog.tsx(246,11): error TS2532: Object is possibly 'undefined'.
src/components/automations/KommoImportDialog.tsx(247,16): error TS2532: Object is possibly 'undefined'.
src/components/automations/KommoImportDialog.tsx(262,38): error TS2339: Property 'id' does not exist on type 'never'.
src/components/automations/KommoImportDialog.tsx(312,37): error TS2532: Object is possibly 'undefined'.
src/components/automations/KommoImportDialog.tsx(503,48): error TS2345: Argument of type '(prev: Record<number, { funnel_id: string; stage_id: string; }>) => { [x: number]: { funnel_id: string; stage_id: string; } | { stage_id: string; funnel_id?: string | undefined; }; }' is not assignable to parameter of type 'SetStateAction<Record<number, { funnel_id: string; stage_id: string; }>>'.
  Type '(prev: Record<number, { funnel_id: string; stage_id: string; }>) => { [x: number]: { funnel_id: string; stage_id: string; } | { stage_id: string; funnel_id?: string | undefined; }; }' is not assignable to type '(prevState: Record<number, { funnel_id: string; stage_id: string; }>) => Record<number, { funnel_id: string; stage_id: string; }>'.
    Type '{ [x: number]: { funnel_id: string; stage_id: string; } | { stage_id: string; funnel_id?: string | undefined; }; }' is not assignable to type 'Record<number, { funnel_id: string; stage_id: string; }>'.
      'number' index signatures are incompatible.
        Type '{ funnel_id: string; stage_id: string; } | { stage_id: string; funnel_id?: string | undefined; }' is not assignable to type '{ funnel_id: string; stage_id: string; }'.
          Type '{ stage_id: string; funnel_id?: string | undefined; }' is not assignable to type '{ funnel_id: string; stage_id: string; }'.
            Types of property 'funnel_id' are incompatible.
              Type 'string | undefined' is not assignable to type 'string'.
                Type 'undefined' is not assignable to type 'string'.
src/components/automations/meta-integration-popup.tsx(51,29): error TS2345: Argument of type '{ success: boolean; wabas: any[]; adAccounts: any[]; error?: undefined; } | { success: boolean; error: any; wabas?: undefined; adAccounts?: undefined; }' is not assignable to parameter of type 'SetStateAction<{ wabas: any[]; adAccounts: any[]; } | null>'.
  Type '{ success: boolean; error: any; wabas?: undefined; adAccounts?: undefined; }' is not assignable to type 'SetStateAction<{ wabas: any[]; adAccounts: any[]; } | null>'.
    Type '{ success: boolean; error: any; wabas?: undefined; adAccounts?: undefined; }' is not assignable to type '{ wabas: any[]; adAccounts: any[]; }'.
      Types of property 'wabas' are incompatible.
        Type 'undefined' is not assignable to type 'any[]'.
src/components/automations/meta-integration-popup.tsx(151,71): error TS2345: Argument of type 'string | undefined' is not assignable to parameter of type 'SetStateAction<string>'.
  Type 'undefined' is not assignable to type 'SetStateAction<string>'.
src/components/automations/meta-integration-popup.tsx(152,72): error TS2345: Argument of type 'string | undefined' is not assignable to parameter of type 'SetStateAction<string>'.
  Type 'undefined' is not assignable to type 'SetStateAction<string>'.
src/components/automations/NodeConfigPanel.tsx(115,29): error TS2322: Type '{ onSelect: (variable: string) => void; }' is not assignable to type 'IntrinsicAttributes & VariablePickerProps'.
  Property 'onSelect' does not exist on type 'IntrinsicAttributes & VariablePickerProps'.
src/components/automations/NodeConfigPanel.tsx(475,33): error TS2322: Type '{}' is not assignable to type 'string'.
src/components/automations/NodeConfigPanel.tsx(490,41): error TS2322: Type '{}' is not assignable to type 'string'.
src/components/automations/NodeConfigPanel.tsx(509,45): error TS2322: Type '{}' is not assignable to type 'string'.
src/components/automations/NodeConfigPanel.tsx(521,49): error TS2322: Type '{}' is not assignable to type 'string'.
src/components/automations/NodeConfigPanel.tsx(530,53): error TS2322: Type '{}' is not assignable to type 'string'.
src/components/automations/NodeConfigPanel.tsx(543,45): error TS2322: Type '{}' is not assignable to type 'string'.
src/components/automations/NodeConfigPanel.tsx(555,49): error TS2322: Type '{}' is not assignable to type 'string'.
src/components/automations/NodeConfigPanel.tsx(565,49): error TS2322: Type '{}' is not assignable to type 'string'.
src/components/automations/NodeConfigPanel.tsx(579,41): error TS2322: Type '{}' is not assignable to type 'string'.
src/components/automations/NodeConfigPanel.tsx(588,45): error TS2322: Type '{}' is not assignable to type 'string'.
src/components/automations/NodeConfigPanel.tsx(601,41): error TS2322: Type '{}' is not assignable to type 'string'.
src/components/automations/NodeConfigPanel.tsx(608,41): error TS2322: Type '{}' is not assignable to type 'string'.
src/components/automations/NodeConfigPanel.tsx(623,41): error TS2322: Type '{}' is not assignable to type 'string'.
src/components/automations/NodeConfigPanel.tsx(652,41): error TS2322: Type '{}' is not assignable to type 'string'.
src/components/automations/NodeConfigPanel.tsx(661,41): error TS2322: Type '{}' is not assignable to type 'string'.
src/components/automations/NodeConfigPanel.tsx(689,41): error TS2322: Type '{}' is not assignable to type 'string'.
src/components/automations/NodeConfigPanel.tsx(709,41): error TS2322: Type '{}' is not assignable to type 'string'.
src/components/automations/NodeConfigPanel.tsx(723,41): error TS2322: Type '{}' is not assignable to type 'string'.
src/components/automations/NodeConfigPanel.tsx(793,41): error TS2322: Type '{}' is not assignable to type 'string'.
src/components/automations/NodeConfigPanel.tsx(801,45): error TS2322: Type '{}' is not assignable to type 'string'.
src/components/automations/NodeConfigPanel.tsx(810,45): error TS2322: Type '{}' is not assignable to type 'string'.
src/components/automations/NodeConfigPanel.tsx(833,33): error TS2322: Type '{}' is not assignable to type 'string'.
src/components/automations/NodeConfigPanel.tsx(839,25): error TS2322: Type 'unknown' is not assignable to type 'ReactNode'.
src/components/automations/NodeConfigPanel.tsx(842,91): error TS2322: Type 'unknown' is not assignable to type 'ReactNode'.
src/components/automations/NodeConfigPanel.tsx(853,33): error TS2322: Type '{}' is not assignable to type 'string'.
src/components/automations/NodeConfigPanel.tsx(860,48): error TS2322: Type '{}' is not assignable to type 'string'.
src/components/automations/NodeConfigPanel.tsx(870,33): error TS2322: Type '{}' is not assignable to type 'string'.
src/components/automations/NodeConfigPanel.tsx(877,48): error TS2322: Type '{}' is not assignable to type 'string'.
src/components/automations/NodeConfigPanel.tsx(887,33): error TS2322: Type '{}' is not assignable to type 'string'.
src/components/automations/NodeConfigPanel.tsx(894,36): error TS2322: Type '{}' is not assignable to type 'string | number | readonly string[] | undefined'.
src/components/automations/NodeConfigPanel.tsx(897,48): error TS2322: Type '{}' is not assignable to type 'string'.
src/components/automations/NodeConfigPanel.tsx(907,33): error TS2322: Type '{}' is not assignable to type 'string'.
src/components/automations/NodeConfigPanel.tsx(914,48): error TS2322: Type '{}' is not assignable to type 'string'.
src/components/automations/NodeConfigPanel.tsx(928,33): error TS2322: Type '{}' is not assignable to type 'string | number | readonly string[] | undefined'.
src/components/automations/NodeConfigPanel.tsx(936,33): error TS2322: Type '{}' is not assignable to type 'string | number | readonly string[] | undefined'.
src/components/automations/NodeConfigPanel.tsx(944,33): error TS2322: Type '{}' is not assignable to type 'string'.
src/components/automations/NodeConfigPanel.tsx(952,33): error TS2322: Type '{}' is not assignable to type 'string'.
src/components/automations/NodeConfigPanel.tsx(960,33): error TS2322: Type '{}' is not assignable to type 'string | number | readonly string[] | undefined'.
src/components/automations/NodeConfigPanel.tsx(977,48): error TS2322: Type '{}' is not assignable to type 'string'.
src/components/automations/NodeConfigPanel.tsx(981,33): error TS2740: Type '{}' is missing the following properties from type 'Record<string, any>[]': length, pop, push, concat, and 29 more.
src/components/automations/NodeConfigPanel.tsx(982,68): error TS2488: Type '{}' must have a '[Symbol.iterator]()' method that returns an iterator.
src/components/automations/NodeConfigPanel.tsx(983,86): error TS2339: Property 'filter' does not exist on type '{}'.
src/components/automations/NodeConfigPanel.tsx(985,54): error TS2488: Type '{}' must have a '[Symbol.iterator]()' method that returns an iterator.
src/components/automations/NodeConfigPanel.tsx(992,41): error TS2322: Type 'Record<string, any>' is not assignable to type 'string | number | readonly string[] | undefined'.
  Type 'Record<string, any>' is missing the following properties from type 'readonly string[]': length, concat, join, slice, and 20 more.
src/components/automations/NodeConfigPanel.tsx(1001,36): error TS2322: Type '{}' is not assignable to type 'string | number | readonly string[] | undefined'.
src/components/automations/NodeConfigPanel.tsx(1010,48): error TS2322: Type '{}' is not assignable to type 'string'.
src/components/automations/NodeConfigPanel.tsx(1014,33): error TS2322: Type '{}' is not assignable to type 'string'.
src/components/automations/NodeConfigPanel.tsx(1029,40): error TS2322: Type '{}' is not assignable to type 'string | number | readonly string[] | undefined'.
src/components/automations/NodeConfigPanel.tsx(1034,33): error TS2322: Type '{}' is not assignable to type 'string'.
src/components/automations/NodeConfigPanel.tsx(1054,46): error TS2322: Type '{}' is not assignable to type 'string | number'.
src/components/automations/NodeConfigPanel.tsx(1059,48): error TS2322: Type '{}' is not assignable to type 'string'.
src/components/automations/NodeConfigPanel.tsx(1072,42): error TS2322: Type '{}' is not assignable to type 'string'.
src/components/automations/NodeConfigPanel.tsx(1106,33): error TS2322: Type '{}' is not assignable to type 'string'.
src/components/automations/NodeConfigPanel.tsx(1116,33): error TS2740: Type '{}' is missing the following properties from type 'Record<string, any>[]': length, pop, push, concat, and 29 more.
src/components/automations/NodeConfigPanel.tsx(1117,71): error TS2488: Type '{}' must have a '[Symbol.iterator]()' method that returns an iterator.
src/components/automations/NodeConfigPanel.tsx(1118,92): error TS2339: Property 'filter' does not exist on type '{}'.
src/components/automations/NodeConfigPanel.tsx(1120,55): error TS2488: Type '{}' must have a '[Symbol.iterator]()' method that returns an iterator.
src/components/automations/NodeConfigPanel.tsx(1145,33): error TS2740: Type '{}' is missing the following properties from type 'Record<string, any>[]': length, pop, push, concat, and 29 more.
src/components/automations/NodeConfigPanel.tsx(1146,66): error TS2488: Type '{}' must have a '[Symbol.iterator]()' method that returns an iterator.
src/components/automations/NodeConfigPanel.tsx(1147,82): error TS2339: Property 'filter' does not exist on type '{}'.
src/components/automations/NodeConfigPanel.tsx(1149,55): error TS2488: Type '{}' must have a '[Symbol.iterator]()' method that returns an iterator.
src/components/automations/NodeConfigPanel.tsx(1172,46): error TS2322: Type '{}' is not assignable to type 'string | number'.
src/components/automations/NodeConfigPanel.tsx(1173,46): error TS2322: Type '{}' is not assignable to type 'string'.
src/components/automations/NodeConfigPanel.tsx(1218,33): error TS2322: Type '{}' is not assignable to type 'string'.
src/components/automations/NodeConfigPanel.tsx(1231,37): error TS2322: Type '{}' is not assignable to type 'string'.
src/components/automations/NodeConfigPanel.tsx(1242,37): error TS2322: Type '{}' is not assignable to type 'string'.
src/components/automations/NodeConfigPanel.tsx(1250,25): error TS2322: Type 'unknown' is not assignable to type 'ReactNode'.
src/components/automations/NodeConfigPanel.tsx(1334,46): error TS2322: Type '{}' is not assignable to type 'string | number'.
src/components/automations/NodeConfigPanel.tsx(1335,46): error TS2322: Type '{}' is not assignable to type 'string'.
src/components/automations/NodeConfigPanel.tsx(1352,33): error TS2322: Type '{}' is not assignable to type 'string'.
src/components/automations/NodeConfigPanel.tsx(1367,37): error TS2322: Type '{}' is not assignable to type 'string'.
src/components/automations/NodeConfigPanel.tsx(1396,33): error TS2322: Type '{}' is not assignable to type 'string | number | readonly string[] | undefined'.
src/components/automations/NodeConfigPanel.tsx(1411,61): error TS2339: Property 'length' does not exist on type '{}'.
src/components/automations/NodeConfigPanel.tsx(1414,60): error TS7053: Element implicitly has an 'any' type because expression of type 'number' can't be used to index type '{}'.
  No index signature with a parameter of type 'number' was found on type '{}'.
src/components/automations/NodeConfigPanel.tsx(1449,33): error TS2322: Type '{}' is not assignable to type 'string'.
src/components/automations/NodeConfigPanel.tsx(1460,33): error TS2322: Type '{}' is not assignable to type 'string | number | readonly string[] | undefined'.
src/components/automations/NodeConfigPanel.tsx(1474,33): error TS2740: Type '{}' is missing the following properties from type 'Record<string, any>[]': length, pop, push, concat, and 29 more.
src/components/automations/NodeConfigPanel.tsx(1475,79): error TS2488: Type '{}' must have a '[Symbol.iterator]()' method that returns an iterator.
src/components/automations/NodeConfigPanel.tsx(1476,108): error TS2339: Property 'filter' does not exist on type '{}'.
src/components/automations/NodeConfigPanel.tsx(1478,54): error TS2488: Type '{}' must have a '[Symbol.iterator]()' method that returns an iterator.
src/components/automations/NodeConfigPanel.tsx(1541,50): error TS2322: Type '{}' is not assignable to type 'string'.
src/components/automations/NodeConfigPanel.tsx(1544,50): error TS2322: Type '{}' is not assignable to type 'string'.
src/components/automations/NodeConfigPanel.tsx(1544,135): error TS2538: Type '{}' cannot be used as an index type.
src/components/automations/NodeConfigPanel.tsx(1548,41): error TS2322: Type '{}' is not assignable to type 'string'.
src/components/automations/NodeConfigPanel.tsx(1561,45): error TS2322: Type '{}' is not assignable to type 'string | number | readonly string[] | undefined'.
src/components/automations/NodeConfigPanel.tsx(1565,152): error TS2339: Property 'toFixed' does not exist on type '{}'.
src/components/automations/NodeConfigPanel.tsx(1588,33): error TS2322: Type 'unknown' is not assignable to type 'ReactNode'.
src/components/automations/NodeConfigPanel.tsx(1591,79): error TS2339: Property 'map' does not exist on type '{}'.
src/components/automations/NodeConfigPanel.tsx(1592,89): error TS2488: Type '{}' must have a '[Symbol.iterator]()' method that returns an iterator.
src/components/automations/NodeConfigPanel.tsx(1593,116): error TS2339: Property 'filter' does not exist on type '{}'.
src/components/automations/NodeConfigPanel.tsx(1595,66): error TS2488: Type '{}' must have a '[Symbol.iterator]()' method that returns an iterator.
src/components/automations/NodeConfigPanel.tsx(1620,45): error TS2322: Type '{}' is not assignable to type 'string | number'.
src/components/automations/NodeConfigPanel.tsx(1635,41): error TS2322: Type '{}' is not assignable to type 'string | number | readonly string[] | undefined'.
src/components/automations/NodeConfigPanel.tsx(1648,33): error TS2322: Type 'unknown' is not assignable to type 'ReactNode'.
src/components/automations/NodeConfigPanel.tsx(1652,49): error TS2322: Type '{}' is not assignable to type 'string'.
src/components/automations/NodeConfigPanel.tsx(1660,49): error TS2322: Type '{}' is not assignable to type 'string | number'.
src/components/automations/NodeConfigPanel.tsx(1678,33): error TS2322: Type 'unknown' is not assignable to type 'ReactNode'.
src/components/automations/NodeConfigPanel.tsx(1680,54): error TS2322: Type '{}' is not assignable to type 'string | number'.
src/components/automations/NodeConfigPanel.tsx(1716,37): error TS2322: Type '{}' is not assignable to type 'boolean'.
src/components/automations/NodeConfigPanel.tsx(1726,45): error TS2322: Type '{}' is not assignable to type 'boolean'.
src/components/automations/NodeConfigPanel.tsx(1733,49): error TS2322: Type '{}' is not assignable to type 'string | number'.
src/components/automations/NodeConfigPanel.tsx(1743,57): error TS2322: Type '{}' is not assignable to type 'string | number'.
src/components/automations/NodeConfigPanel.tsx(1751,57): error TS2322: Type '{}' is not assignable to type 'string | number'.
src/components/automations/NodeConfigPanel.tsx(1761,49): error TS2322: Type '{}' is not assignable to type 'string | number | readonly string[] | undefined'.
src/components/automations/NodeConfigPanel.tsx(1781,58): error TS2339: Property 'map' does not exist on type '{}'.
src/components/automations/NodeConfigPanel.tsx(1782,68): error TS2488: Type '{}' must have a '[Symbol.iterator]()' method that returns an iterator.
src/components/automations/NodeConfigPanel.tsx(1783,86): error TS2339: Property 'filter' does not exist on type '{}'.
src/components/automations/NodeConfigPanel.tsx(1785,57): error TS2488: Type '{}' must have a '[Symbol.iterator]()' method that returns an iterator.
src/components/automations/NodeConfigPanel.tsx(1807,48): error TS2322: Type '{}' is not assignable to type 'string'.
src/components/automations/NodeConfigPanel.tsx(1810,42): error TS2322: Type '{}' is not assignable to type 'string | number'.
src/components/automations/NodeConfigPanel.tsx(1836,41): error TS2322: Type '{}' is not assignable to type 'string | number | readonly string[] | undefined'.
src/components/automations/NodeConfigPanel.tsx(1840,123): error TS2322: Type '{}' is not assignable to type 'ReactNode'.
src/components/automations/NodeConfigPanel.tsx(1855,42): error TS2322: Type '{}' is not assignable to type 'string'.
src/components/automations/NodeConfigPanel.tsx(1858,48): error TS2322: Type '{}' is not assignable to type 'string'.
src/components/automations/NodeConfigPanel.tsx(1864,33): error TS2740: Type '{}' is missing the following properties from type 'Record<string, any>[]': length, pop, push, concat, and 29 more.
src/components/automations/NodeConfigPanel.tsx(1865,68): error TS2488: Type '{}' must have a '[Symbol.iterator]()' method that returns an iterator.
src/components/automations/NodeConfigPanel.tsx(1866,86): error TS2339: Property 'filter' does not exist on type '{}'.
src/components/automations/NodeConfigPanel.tsx(1868,54): error TS2488: Type '{}' must have a '[Symbol.iterator]()' method that returns an iterator.
src/components/automations/NodeConfigPanel.tsx(1885,42): error TS2322: Type '{}' is not assignable to type 'string'.
src/components/automations/NodeConfigPanel.tsx(1889,40): error TS2322: Type '{}' is not assignable to type 'string | number | readonly string[] | undefined'.
src/components/automations/NodeConfigPanel.tsx(1895,44): error TS2322: Type '{}' is not assignable to type 'string | number | readonly string[] | undefined'.
src/components/automations/NodeConfigPanel.tsx(1898,44): error TS2322: Type '{}' is not assignable to type 'string | number | readonly string[] | undefined'.
src/components/automations/NodeConfigPanel.tsx(1906,48): error TS2322: Type '{}' is not assignable to type 'string | number | readonly string[] | undefined'.
src/components/automations/NodeConfigPanel.tsx(1911,48): error TS2322: Type '{}' is not assignable to type 'string | number | readonly string[] | undefined'.
src/components/automations/NodeConfigPanel.tsx(1920,33): error TS2740: Type '{}' is missing the following properties from type 'Record<string, any>[]': length, pop, push, concat, and 29 more.
src/components/automations/NodeConfigPanel.tsx(1921,73): error TS2488: Type '{}' must have a '[Symbol.iterator]()' method that returns an iterator.
src/components/automations/NodeConfigPanel.tsx(1922,96): error TS2339: Property 'filter' does not exist on type '{}'.
src/components/automations/NodeConfigPanel.tsx(1924,56): error TS2488: Type '{}' must have a '[Symbol.iterator]()' method that returns an iterator.
src/components/automations/NodeConfigPanel.tsx(1940,60): error TS2345: Argument of type '{}' is not assignable to parameter of type 'string'.
src/components/automations/NodeConfigPanel.tsx(1943,50): error TS2322: Type '{}' is not assignable to type 'string'.
src/components/automations/NodeConfigPanel.tsx(1954,45): error TS2740: Type '{}' is missing the following properties from type 'Record<string, any>[]': length, pop, push, concat, and 29 more.
src/components/automations/NodeConfigPanel.tsx(1955,82): error TS2488: Type '{}' must have a '[Symbol.iterator]()' method that returns an iterator.
src/components/automations/NodeConfigPanel.tsx(1956,102): error TS2339: Property 'filter' does not exist on type '{}'.
src/components/automations/NodeConfigPanel.tsx(1958,68): error TS2488: Type '{}' must have a '[Symbol.iterator]()' method that returns an iterator.
src/components/automations/NodeConfigPanel.tsx(1974,60): error TS2322: Type '{}' is not assignable to type 'string'.
src/components/automations/NodeConfigPanel.tsx(1978,60): error TS2322: Type '{}' is not assignable to type 'string'.
src/components/automations/NodeConfigPanel.tsx(1986,36): error TS2322: Type '{}' is not assignable to type 'string | number | readonly string[] | undefined'.
src/components/automations/NodeConfigPanel.tsx(1997,42): error TS2322: Type '{}' is not assignable to type 'string'.
src/components/automations/NodeConfigPanel.tsx(2024,33): error TS2322: Type '{}' is not assignable to type 'string | number | readonly string[] | undefined'.
src/components/automations/NodeConfigPanel.tsx(2035,36): error TS2322: Type '{}' is not assignable to type 'string | number | readonly string[] | undefined'.
src/components/automations/NodeConfigPanel.tsx(2047,42): error TS2322: Type '{}' is not assignable to type 'string'.
src/components/automations/NodeConfigPanel.tsx(2054,52): error TS2322: Type '{}' is not assignable to type 'string'.
src/components/automations/NodeConfigPanel.tsx(2059,37): error TS2740: Type '{}' is missing the following properties from type 'Record<string, any>[]': length, pop, push, concat, and 29 more.
src/components/automations/NodeConfigPanel.tsx(2060,71): error TS2488: Type '{}' must have a '[Symbol.iterator]()' method that returns an iterator.
src/components/automations/NodeConfigPanel.tsx(2061,88): error TS2339: Property 'filter' does not exist on type '{}'.
src/components/automations/NodeConfigPanel.tsx(2063,60): error TS2488: Type '{}' must have a '[Symbol.iterator]()' method that returns an iterator.
src/components/automations/NodeConfigPanel.tsx(2089,48): error TS2322: Type '{}' is not assignable to type 'string'.
src/components/automations/NodeConfigPanel.tsx(2092,48): error TS2322: Type '{}' is not assignable to type 'string'.
src/components/automations/NodeConfigPanel.tsx(2102,46): error TS2322: Type '{}' is not assignable to type 'string | number'.
src/components/automations/NodeConfigPanel.tsx(2103,46): error TS2322: Type '{}' is not assignable to type 'string'.
src/components/automations/NodeConfigPanel.tsx(2118,36): error TS2322: Type '{}' is not assignable to type 'string | number | readonly string[] | undefined'.
src/components/automations/NodeConfigPanel.tsx(2127,48): error TS2322: Type '{}' is not assignable to type 'string'.
src/components/automations/NodeConfigPanel.tsx(2130,48): error TS2322: Type '{}' is not assignable to type 'string'.
src/components/automations/NodeConfigPanel.tsx(2157,36): error TS2322: Type '{}' is not assignable to type 'string | number | readonly string[] | undefined'.
src/components/automations/NodeConfigPanel.tsx(2167,33): error TS2322: Type '{}' is not assignable to type 'string'.
src/components/automations/NodeConfigPanel.tsx(2182,44): error TS2322: Type '{}' is not assignable to type 'string | number | readonly string[] | undefined'.
src/components/automations/NodeConfigPanel.tsx(2188,45): error TS2322: Type '{}' is not assignable to type 'string'.
src/components/automations/NodeConfigPanel.tsx(2210,33): error TS2322: Type '{}' is not assignable to type 'string'.
src/components/automations/NodeConfigPanel.tsx(2222,37): error TS2322: Type '{}' is not assignable to type 'string'.
src/components/automations/NodeConfigPanel.tsx(2235,37): error TS2322: Type '{}' is not assignable to type 'string'.
src/components/automations/NodeConfigPanel.tsx(2255,33): error TS2322: Type '{}' is not assignable to type 'string'.
src/components/automations/NodeConfigPanel.tsx(2272,33): error TS2322: Type '{}' is not assignable to type 'string'.
src/components/automations/NodeConfigPanel.tsx(2283,33): error TS2322: Type '{}' is not assignable to type 'string'.
src/components/automations/NodeConfigPanel.tsx(2302,33): error TS2322: Type '{}' is not assignable to type 'string'.
src/components/automations/NodeConfigPanel.tsx(2319,33): error TS2322: Type '{}' is not assignable to type 'string'.
src/components/automations/NodeConfigPanel.tsx(2327,33): error TS2322: Type '{}' is not assignable to type 'string'.
src/components/automations/nodes/AIAgentNode.tsx(17,10): error TS2305: Module '"@/app/actions/automations-builder"' has no exported member 'getSystemGlobalAiStatus'.
src/components/automations/nodes/AIAgentNode.tsx(168,36): error TS7006: Parameter 'status' implicitly has an 'any' type.
src/components/automations/nodes/CrmMoveNode.tsx(31,72): error TS2345: Argument of type '{ id: string; name: string; color: string | null; funnel_id: string; }[]' is not assignable to parameter of type 'SetStateAction<StageData[]>'.
  Type '{ id: string; name: string; color: string | null; funnel_id: string; }[]' is not assignable to type 'StageData[]'.
    Type '{ id: string; name: string; color: string | null; funnel_id: string; }' is not assignable to type 'StageData'.
      Types of property 'color' are incompatible.
        Type 'string | null' is not assignable to type 'string'.
          Type 'null' is not assignable to type 'string'.
src/components/automations/nodes/FilterNode.tsx(57,5): error TS2322: Type '{ field?: string | undefined; operator?: string | undefined; value?: string | undefined; }' is not assignable to type 'FilterCondition'.
  Types of property 'field' are incompatible.
    Type 'string | undefined' is not assignable to type 'string'.
      Type 'undefined' is not assignable to type 'string'.
src/components/automations/nodes/FollowUpAINode.tsx(69,61): error TS2339: Property 'getSystemGlobalAiStatus' does not exist on type 'typeof import("C:/Users/Administrator/Desktop/MASTER-IA-PROJECT/src/app/actions/automations-builder")'.
src/components/automations/nodes/IntentRouterNode.tsx(56,65): error TS2339: Property 'getSystemGlobalAiStatus' does not exist on type 'typeof import("C:/Users/Administrator/Desktop/MASTER-IA-PROJECT/src/app/actions/automations-builder")'.
src/components/automations/nodes/IntentRouterNode.tsx(233,57): error TS18048: 'colorClass' is possibly 'undefined'.
src/components/automations/nodes/message-node.tsx(39,21): error TS2322: Type '{ reached: any; responded: any; }' is not assignable to type 'IntrinsicAttributes & NodeStatsBarProps'.
  Property 'reached' does not exist on type 'IntrinsicAttributes & NodeStatsBarProps'.
src/components/automations/nodes/RouterNode.tsx(67,5): error TS2322: Type '{ field?: string | undefined; operator?: string | undefined; value?: string | undefined; outputName?: string | undefined; renameOutput?: boolean | undefined; }' is not assignable to type 'RoutingRule'.
  Types of property 'field' are incompatible.
    Type 'string | undefined' is not assignable to type 'string'.
      Type 'undefined' is not assignable to type 'string'.
src/components/automations/nodes/RouterNode.tsx(249,41): error TS18048: 'colorClass' is possibly 'undefined'.
src/components/automations/nodes/SendMediaNode.tsx(78,16): error TS18048: 'mediaConfig' is possibly 'undefined'.
src/components/automations/nodes/SendMediaNode.tsx(79,30): error TS18048: 'mediaConfig' is possibly 'undefined'.
src/components/automations/nodes/SendMediaNode.tsx(80,25): error TS18048: 'mediaConfig' is possibly 'undefined'.
src/components/automations/nodes/SendMediaNode.tsx(84,81): error TS18048: 'mediaConfig' is possibly 'undefined'.
src/components/automations/nodes/SendMediaNode.tsx(85,97): error TS18048: 'mediaConfig' is possibly 'undefined'.
src/components/automations/nodes/SendMediaNode.tsx(99,59): error TS18048: 'mediaConfig' is possibly 'undefined'.
src/components/automations/nodes/SendMediaNode.tsx(155,62): error TS18048: 'mediaConfig' is possibly 'undefined'.
src/components/automations/nodes/SendMediaNode.tsx(156,84): error TS18048: 'mediaConfig' is possibly 'undefined'.
src/components/automations/nodes/SendMessageNode.tsx(43,37): error TS7006: Parameter 'p' implicitly has an 'any' type.
src/components/automations/nodes/SendMessageNode.tsx(47,23): error TS7006: Parameter 'p' implicitly has an 'any' type.
src/components/automations/nodes/SendMessageNode.tsx(47,53): error TS7006: Parameter 'p' implicitly has an 'any' type.
src/components/automations/nodes/SendMessageNode.tsx(47,56): error TS7006: Parameter 'i' implicitly has an 'any' type.
src/components/diagnostics/diagnostic-client-view.tsx(59,33): error TS18048: 's' is possibly 'undefined'.
src/components/diagnostics/diagnostic-client-view.tsx(60,40): error TS18048: 's' is possibly 'undefined'.
src/components/diagnostics/diagnostic-client-view.tsx(61,35): error TS18048: 's' is possibly 'undefined'.
src/components/diagnostics/diagnostic-client-view.tsx(62,29): error TS18048: 's' is possibly 'undefined'.
src/components/diagnostics/diagnostic-client-view.tsx(63,35): error TS18048: 's' is possibly 'undefined'.
src/components/diagnostics/diagnostic-client-view.tsx(64,31): error TS18048: 's' is possibly 'undefined'.
src/components/diagnostics/diagnostic-client-view.tsx(65,42): error TS18048: 's' is possibly 'undefined'.
src/components/diagnostics/diagnostic-client-view.tsx(66,37): error TS18048: 's' is possibly 'undefined'.
src/components/diagnostics/diagnostic-client-view.tsx(67,42): error TS18048: 's' is possibly 'undefined'.
src/components/ia/behavior-settings.tsx(268,25): error TS1117: An object literal cannot have multiple properties with the same name.
src/components/ia/behavior-settings.tsx(377,73): error TS2345: Argument of type '(prev: { name: string; systemPrompt: string; provider: "GEMINI"; model: string; credentialId: null; temperature: number; topP: number; maxOutputTokens: number; mcpServerUrl: string; mcpServerHeaders: string; ... 21 more ...; meetingReminderMinutes: number; }) => { ...; }' is not assignable to parameter of type 'SetStateAction<{ name: string; systemPrompt: string; provider: "GEMINI"; model: string; credentialId: null; temperature: number; topP: number; maxOutputTokens: number; mcpServerUrl: string; mcpServerHeaders: string; ... 21 more ...; meetingReminderMinutes: number; }>'.
  Type '(prev: { name: string; systemPrompt: string; provider: "GEMINI"; model: string; credentialId: null; temperature: number; topP: number; maxOutputTokens: number; mcpServerUrl: string; mcpServerHeaders: string; ... 21 more ...; meetingReminderMinutes: number; }) => { ...; }' is not assignable to type '(prevState: { name: string; systemPrompt: string; provider: "GEMINI"; model: string; credentialId: null; temperature: number; topP: number; maxOutputTokens: number; mcpServerUrl: string; mcpServerHeaders: string; ... 21 more ...; meetingReminderMinutes: number; }) => { ...; }'.
    Call signature return types '{ voiceProvider: string; voiceId: string; name: string; systemPrompt: string; provider: "GEMINI"; model: string; credentialId: null; temperature: number; topP: number; maxOutputTokens: number; ... 21 more ...; meetingReminderMinutes: number; }' and '{ name: string; systemPrompt: string; provider: "GEMINI"; model: string; credentialId: null; temperature: number; topP: number; maxOutputTokens: number; mcpServerUrl: string; mcpServerHeaders: string; ... 21 more ...; meetingReminderMinutes: number; }' are incompatible.
      The types of 'voiceProvider' are incompatible between these types.
        Type 'string' is not assignable to type '"gemini" | "elevenlabs"'.
src/components/ia/behavior-settings.tsx(507,82): error TS2345: Argument of type '(prev: { name: string; systemPrompt: string; provider: "GEMINI"; model: string; credentialId: null; temperature: number; topP: number; maxOutputTokens: number; mcpServerUrl: string; mcpServerHeaders: string; ... 21 more ...; meetingReminderMinutes: number; }) => { ...; }' is not assignable to parameter of type 'SetStateAction<{ name: string; systemPrompt: string; provider: "GEMINI"; model: string; credentialId: null; temperature: number; topP: number; maxOutputTokens: number; mcpServerUrl: string; mcpServerHeaders: string; ... 21 more ...; meetingReminderMinutes: number; }>'.
  Type '(prev: { name: string; systemPrompt: string; provider: "GEMINI"; model: string; credentialId: null; temperature: number; topP: number; maxOutputTokens: number; mcpServerUrl: string; mcpServerHeaders: string; ... 21 more ...; meetingReminderMinutes: number; }) => { ...; }' is not assignable to type '(prevState: { name: string; systemPrompt: string; provider: "GEMINI"; model: string; credentialId: null; temperature: number; topP: number; maxOutputTokens: number; mcpServerUrl: string; mcpServerHeaders: string; ... 21 more ...; meetingReminderMinutes: number; }) => { ...; }'.
    Call signature return types '{ voiceStability: number | undefined; name: string; systemPrompt: string; provider: "GEMINI"; model: string; credentialId: null; temperature: number; topP: number; maxOutputTokens: number; ... 22 more ...; meetingReminderMinutes: number; }' and '{ name: string; systemPrompt: string; provider: "GEMINI"; model: string; credentialId: null; temperature: number; topP: number; maxOutputTokens: number; mcpServerUrl: string; mcpServerHeaders: string; ... 21 more ...; meetingReminderMinutes: number; }' are incompatible.
      The types of 'voiceStability' are incompatible between these types.
        Type 'number | undefined' is not assignable to type 'number'.
          Type 'undefined' is not assignable to type 'number'.
src/components/ia/behavior-settings.tsx(518,82): error TS2345: Argument of type '(prev: { name: string; systemPrompt: string; provider: "GEMINI"; model: string; credentialId: null; temperature: number; topP: number; maxOutputTokens: number; mcpServerUrl: string; mcpServerHeaders: string; ... 21 more ...; meetingReminderMinutes: number; }) => { ...; }' is not assignable to parameter of type 'SetStateAction<{ name: string; systemPrompt: string; provider: "GEMINI"; model: string; credentialId: null; temperature: number; topP: number; maxOutputTokens: number; mcpServerUrl: string; mcpServerHeaders: string; ... 21 more ...; meetingReminderMinutes: number; }>'.
  Type '(prev: { name: string; systemPrompt: string; provider: "GEMINI"; model: string; credentialId: null; temperature: number; topP: number; maxOutputTokens: number; mcpServerUrl: string; mcpServerHeaders: string; ... 21 more ...; meetingReminderMinutes: number; }) => { ...; }' is not assignable to type '(prevState: { name: string; systemPrompt: string; provider: "GEMINI"; model: string; credentialId: null; temperature: number; topP: number; maxOutputTokens: number; mcpServerUrl: string; mcpServerHeaders: string; ... 21 more ...; meetingReminderMinutes: number; }) => { ...; }'.
    Call signature return types '{ voiceSimilarityBoost: number | undefined; name: string; systemPrompt: string; provider: "GEMINI"; model: string; credentialId: null; temperature: number; topP: number; maxOutputTokens: number; ... 22 more ...; meetingReminderMinutes: number; }' and '{ name: string; systemPrompt: string; provider: "GEMINI"; model: string; credentialId: null; temperature: number; topP: number; maxOutputTokens: number; mcpServerUrl: string; mcpServerHeaders: string; ... 21 more ...; meetingReminderMinutes: number; }' are incompatible.
      The types of 'voiceSimilarityBoost' are incompatible between these types.
        Type 'number | undefined' is not assignable to type 'number'.
          Type 'undefined' is not assignable to type 'number'.
src/components/ia/external-sources-manager.tsx(636,74): error TS2339: Property 'accept' does not exist on type '{ label: string; icon: ForwardRefExoticComponent<Omit<LucideProps, "ref"> & RefAttributes<SVGSVGElement>>; color: string; needsUrl: boolean; acceptsFile: boolean; } | { ...; } | { ...; } | { ...; }'.
  Property 'accept' does not exist on type '{ label: string; icon: ForwardRefExoticComponent<Omit<LucideProps, "ref"> & RefAttributes<SVGSVGElement>>; color: string; needsUrl: boolean; acceptsFile: boolean; }'.
src/components/ia/sales-settings.tsx(439,90): error TS2345: Argument of type '(prev: { voiceId: string; speed: number; stability?: number | undefined; similarityBoost?: number | undefined; style?: number | undefined; useSpeakerBoost?: boolean | undefined; modelId?: string | undefined; }) => { ...; }' is not assignable to parameter of type 'SetStateAction<{ voiceId: string; speed: number; stability?: number | undefined; similarityBoost?: number | undefined; style?: number | undefined; useSpeakerBoost?: boolean | undefined; modelId?: string | undefined; }>'.
  Type '(prev: { voiceId: string; speed: number; stability?: number | undefined; similarityBoost?: number | undefined; style?: number | undefined; useSpeakerBoost?: boolean | undefined; modelId?: string | undefined; }) => { ...; }' is not assignable to type '(prevState: { voiceId: string; speed: number; stability?: number | undefined; similarityBoost?: number | undefined; style?: number | undefined; useSpeakerBoost?: boolean | undefined; modelId?: string | undefined; }) => { ...; }'.
    Call signature return types '{ speed: number | undefined; voiceId: string; stability?: number | undefined; similarityBoost?: number | undefined; style?: number | undefined; useSpeakerBoost?: boolean | undefined; modelId?: string | undefined; }' and '{ voiceId: string; speed: number; stability?: number | undefined; similarityBoost?: number | undefined; style?: number | undefined; useSpeakerBoost?: boolean | undefined; modelId?: string | undefined; }' are incompatible.
      The types of 'speed' are incompatible between these types.
        Type 'number | undefined' is not assignable to type 'number'.
          Type 'undefined' is not assignable to type 'number'.
src/components/marketing/DateRangePicker.tsx(28,9): error TS2322: Type 'string | undefined' is not assignable to type 'string'.
  Type 'undefined' is not assignable to type 'string'.
src/components/marketing/DateRangePicker.tsx(29,9): error TS2322: Type 'string | undefined' is not assignable to type 'string'.
  Type 'undefined' is not assignable to type 'string'.
src/components/marketing/DateRangePicker.tsx(61,27): error TS2322: Type 'string | undefined' is not assignable to type 'string'.
  Type 'undefined' is not assignable to type 'string'.
src/components/marketing/DateRangePicker.tsx(62,86): error TS2322: Type 'string | undefined' is not assignable to type 'string'.
  Type 'undefined' is not assignable to type 'string'.
src/components/marketing/DateRangePicker.tsx(63,157): error TS2322: Type 'string | undefined' is not assignable to type 'string'.
  Type 'undefined' is not assignable to type 'string'.
src/components/marketing/DateRangePicker.tsx(64,34): error TS2322: Type 'string | undefined' is not assignable to type 'string'.
  Type 'undefined' is not assignable to type 'string'.
src/components/marketing/DateRangePicker.tsx(65,84): error TS2322: Type 'string | undefined' is not assignable to type 'string'.
  Type 'undefined' is not assignable to type 'string'.
src/components/marketing/DateRangePicker.tsx(66,86): error TS2322: Type 'string | undefined' is not assignable to type 'string'.
  Type 'undefined' is not assignable to type 'string'.
src/components/marketing/DateRangePicker.tsx(67,86): error TS2322: Type 'string | undefined' is not assignable to type 'string'.
  Type 'undefined' is not assignable to type 'string'.
src/components/marketing/DateRangePicker.tsx(70,27): error TS2322: Type 'string | undefined' is not assignable to type 'string'.
  Type 'undefined' is not assignable to type 'string'.
src/components/message-templates/template-builder.tsx(124,29): error TS2339: Property 'header_handle' does not exist on type '{ header_text?: string[] | undefined; body_text?: string[][] | undefined; }'.
src/components/message-templates/template-builder.tsx(124,59): error TS2339: Property 'header_handle' does not exist on type '{ header_text?: string[] | undefined; body_text?: string[][] | undefined; }'.
src/components/message-templates/template-builder.tsx(399,29): error TS2532: Object is possibly 'undefined'.
src/components/message-templates/template-builder.tsx(400,34): error TS2532: Object is possibly 'undefined'.
src/components/message-templates/template-builder.tsx(401,31): error TS2353: Object literal may only specify known properties, and 'mediaAssetId' does not exist in type '{ header_text?: string[] | undefined; body_text?: string[][] | undefined; }'.
src/components/message-templates/template-builder.tsx(409,31): error TS2532: Object is possibly 'undefined'.
src/components/message-templates/template-builder.tsx(410,36): error TS2532: Object is possibly 'undefined'.
src/components/message-templates/template-builder.tsx(411,33): error TS2353: Object literal may only specify known properties, and 'header_handle' does not exist in type '{ header_text?: string[] | undefined; body_text?: string[][] | undefined; }'.
src/components/message-templates/template-builder.tsx(414,35): error TS2532: Object is possibly 'undefined'.
src/components/message-templates/template-builder.tsx(415,40): error TS2532: Object is possibly 'undefined'.
src/components/message-templates/template-builder.tsx(415,65): error TS2339: Property 'header_handle' does not exist on type '{ header_text?: string[] | undefined; body_text?: string[][] | undefined; }'.
src/components/settings/connections-manager.tsx(150,25): error TS2322: Type '(connectionId: string, action: "resume" | "reconnect") => Promise<void>' is not assignable to type '(id: string, type: string) => void'.
  Types of parameters 'action' and 'type' are incompatible.
    Type 'string' is not assignable to type '"resume" | "reconnect"'.
src/components/settings/connections/connections-table.tsx(177,73): error TS2538: Type 'undefined' cannot be used as an index type.
src/components/settings/connections/connections-table.tsx(178,67): error TS2538: Type 'undefined' cannot be used as an index type.
src/components/settings/connections/connections-table.tsx(233,61): error TS18048: 'conn.tokenExpiresIn' is possibly 'undefined'.
src/components/settings/google-calendar-integration.tsx(142,14): error TS2322: Type 'ActiveCalendar | undefined' is not assignable to type 'ActiveCalendar'.
  Type 'undefined' is not assignable to type 'ActiveCalendar'.
src/components/settings/google-calendar-integration.tsx(142,29): error TS2322: Type 'ActiveCalendar | undefined' is not assignable to type 'ActiveCalendar'.
  Type 'undefined' is not assignable to type 'ActiveCalendar'.
src/components/teams/teams-page-client.tsx(30,30): error TS7030: Not all code paths return a value.
src/hooks/use-connections.ts(41,28): error TS2345: Argument of type '(prev: Connection[]) => (Connection | { webhookStatus: "N/A"; id: string; createdAt: Date | null; companyId: string; status: "N├úo Verificado" | "Falha na Conex├úo" | "Conectado"; ... 30 more ...; baileysStatus?: string | undefined; })[]' is not assignable to parameter of type 'SetStateAction<Connection[]>'.
  Type '(prev: Connection[]) => (Connection | { webhookStatus: "N/A"; id: string; createdAt: Date | null; companyId: string; status: "N├úo Verificado" | "Falha na Conex├úo" | "Conectado"; ... 30 more ...; baileysStatus?: string | undefined; })[]' is not assignable to type '(prevState: Connection[]) => Connection[]'.
    Type '(Connection | { webhookStatus: "N/A"; id: string; createdAt: Date | null; companyId: string; status: "N├úo Verificado" | "Falha na Conex├úo" | "Conectado"; config_name: string; ... 29 more ...; baileysStatus?: string | undefined; })[]' is not assignable to type 'Connection[]'.
      Type 'Connection | { webhookStatus: "N/A"; id: string; createdAt: Date | null; companyId: string; status: "N├úo Verificado" | "Falha na Conex├úo" | "Conectado"; config_name: string; ... 29 more ...; baileysStatus?: string | undefined; }' is not assignable to type 'Connection'.
        Type '{ webhookStatus: "N/A"; id: string; createdAt: Date | null; companyId: string; status: "Conectado" | "Falha na Conex\u00E3o" | "N\u00E3o Verificado"; config_name: string; connectionType: string; ... 28 more ...; baileysStatus?: string; }' is not assignable to type 'Connection'.
          Type '{ webhookStatus: "N/A"; id: string; createdAt: Date | null; companyId: string; status: "Conectado" | "Falha na Conex\u00E3o" | "N\u00E3o Verificado"; config_name: string; connectionType: string; ... 28 more ...; baileysStatus?: string; }' is not assignable to type '{ connectionStatus?: ConnectionStatus | undefined; webhookStatus?: WebhookStatus | undefined; healthStatus?: HealthStatus | undefined; ... 4 more ...; baileysStatus?: string | undefined; }'.
            Types of property 'webhookStatus' are incompatible.
              Type '"N/A"' is not assignable to type 'WebhookStatus | undefined'.
src/hooks/use-connections.ts(109,25): error TS2322: Type '"N/A"' is not assignable to type 'WebhookStatus | undefined'.
src/hooks/use-connections.ts(132,40): error TS2345: Argument of type '(prev: Connection[]) => (Connection | { connectionStatus: "Falha na Conex├úo" | "Conectado"; healthStatus: any; healthErrorMessage: any; webhookStatus: "N/A"; ... 31 more ...; baileysStatus?: string | undefined; })[]' is not assignable to parameter of type 'SetStateAction<Connection[]>'.
  Type '(prev: Connection[]) => (Connection | { connectionStatus: "Falha na Conex├úo" | "Conectado"; healthStatus: any; healthErrorMessage: any; webhookStatus: "N/A"; ... 31 more ...; baileysStatus?: string | undefined; })[]' is not assignable to type '(prevState: Connection[]) => Connection[]'.
    Type '(Connection | { connectionStatus: "Falha na Conex├úo" | "Conectado"; healthStatus: any; healthErrorMessage: any; webhookStatus: "N/A"; id: string; createdAt: Date | null; ... 29 more ...; baileysStatus?: string | undefined; })[]' is not assignable to type 'Connection[]'.
      Type 'Connection | { connectionStatus: "Falha na Conex├úo" | "Conectado"; healthStatus: any; healthErrorMessage: any; webhookStatus: "N/A"; id: string; createdAt: Date | null; ... 29 more ...; baileysStatus?: string | undefined; }' is not assignable to type 'Connection'.
        Type '{ connectionStatus: "Falha na Conex├úo" | "Conectado"; healthStatus: any; healthErrorMessage: any; webhookStatus: "N/A"; id: string; createdAt: Date | null; companyId: string; status: "Conectado" | "Falha na Conex\u00E3o" | "N\u00E3o Verificado"; ... 27 more ...; baileysStatus?: string; }' is not assignable to type 'Connection'.
          Type '{ connectionStatus: "Falha na Conex├úo" | "Conectado"; healthStatus: any; healthErrorMessage: any; webhookStatus: "N/A"; id: string; createdAt: Date | null; companyId: string; status: "Conectado" | "Falha na Conex\u00E3o" | "N\u00E3o Verificado"; ... 27 more ...; baileysStatus?: string; }' is not assignable to type '{ connectionStatus?: ConnectionStatus | undefined; webhookStatus?: WebhookStatus | undefined; healthStatus?: HealthStatus | undefined; ... 4 more ...; baileysStatus?: string | undefined; }'.
            Types of property 'webhookStatus' are incompatible.
              Type '"N/A"' is not assignable to type 'WebhookStatus | undefined'.
src/hooks/use-inbox-controller.ts(56,77): error TS2345: Argument of type '{ onlyUnread: false; awaitingResponse: false; robotService: false; filterTeamId: null; filterAgentId: null; }' is not assignable to parameter of type 'AdvancedFilters | (() => AdvancedFilters)'.
  Type '{ onlyUnread: false; awaitingResponse: false; robotService: false; filterTeamId: null; filterAgentId: null; }' is missing the following properties from type 'AdvancedFilters': filterTagId, filterKanbanId
src/hooks/use-inbox-controller.ts(342,30): error TS2345: Argument of type '(prev: Conversation[]) => (Conversation | { lastMessage: any; lastMessageAt: Date; lastMessageSenderType: any; id?: string | undefined; createdAt?: Date | undefined; ... 30 more ...; kanbanStageType?: "NEUTRAL" | ... 3 more ... | undefined; })[]' is not assignable to parameter of type 'SetStateAction<Conversation[]>'.
  Type '(prev: Conversation[]) => (Conversation | { lastMessage: any; lastMessageAt: Date; lastMessageSenderType: any; id?: string | undefined; createdAt?: Date | undefined; ... 30 more ...; kanbanStageType?: "NEUTRAL" | ... 3 more ... | undefined; })[]' is not assignable to type '(prevState: Conversation[]) => Conversation[]'.
    Type '(Conversation | { lastMessage: any; lastMessageAt: Date; lastMessageSenderType: any; id?: string | undefined; createdAt?: Date | undefined; updatedAt?: Date | undefined; ... 29 more ...; kanbanStageType?: "NEUTRAL" | ... 3 more ... | undefined; })[]' is not assignable to type 'Conversation[]'.
      Type 'Conversation | { lastMessage: any; lastMessageAt: Date; lastMessageSenderType: any; id?: string | undefined; createdAt?: Date | undefined; updatedAt?: Date | undefined; ... 29 more ...; kanbanStageType?: "NEUTRAL" | ... 3 more ... | undefined; }' is not assignable to type 'Conversation'.
        Type '{ lastMessage: any; lastMessageAt: Date; lastMessageSenderType: any; id?: string | undefined; createdAt?: Date | undefined; updatedAt?: Date | undefined; companyId?: string | undefined; ... 28 more ...; kanbanStageType?: "NEUTRAL" | "WIN" | "LOSS" | null; }' is not assignable to type 'Conversation'.
          Type '{ lastMessage: any; lastMessageAt: Date; lastMessageSenderType: any; id?: string | undefined; createdAt?: Date | undefined; updatedAt?: Date | undefined; companyId?: string | undefined; ... 28 more ...; kanbanStageType?: "NEUTRAL" | "WIN" | "LOSS" | null; }' is not assignable to type '{ id: string; createdAt: Date; updatedAt: Date; companyId: string; status: string; assignedPersonaId: string | null; contactId: string; connectionId: string | null; assignedTo: string | null; ... 9 more ...; archivedBy: string | null; }'.
            Types of property 'id' are incompatible.
              Type 'string | undefined' is not assignable to type 'string'.
                Type 'undefined' is not assignable to type 'string'.
src/lib/ai-tools/check-availability.ts(112,29): error TS18048: 'h' is possibly 'undefined'.
src/lib/ai-tools/check-availability.ts(112,38): error TS18048: 'm' is possibly 'undefined'.
src/lib/ai-tools/check-availability.ts(121,13): error TS2322: Type 'string | undefined' is not assignable to type 'string'.
  Type 'undefined' is not assignable to type 'string'.
src/lib/ai-tools/check-availability.ts(131,9): error TS2322: Type 'string | undefined' is not assignable to type 'string'.
  Type 'undefined' is not assignable to type 'string'.
src/lib/ai-tools/date-time-parser.ts(154,41): error TS2345: Argument of type 'string | undefined' is not assignable to parameter of type 'string'.
  Type 'undefined' is not assignable to type 'string'.
src/lib/ai-tools/date-time-parser.ts(180,33): error TS2345: Argument of type 'string | undefined' is not assignable to parameter of type 'string'.
  Type 'undefined' is not assignable to type 'string'.
src/lib/ai-tools/date-time-parser.ts(182,36): error TS2538: Type 'undefined' cannot be used as an index type.
src/lib/ai-tools/date-time-parser.ts(209,27): error TS2345: Argument of type 'string | undefined' is not assignable to parameter of type 'string'.
  Type 'undefined' is not assignable to type 'string'.
src/lib/ai-tools/date-time-parser.ts(210,29): error TS2345: Argument of type 'string | undefined' is not assignable to parameter of type 'string'.
  Type 'undefined' is not assignable to type 'string'.
src/lib/ai-tools/date-time-parser.ts(211,28): error TS2345: Argument of type 'string | undefined' is not assignable to parameter of type 'string'.
  Type 'undefined' is not assignable to type 'string'.
src/lib/ai-tools/date-time-parser.ts(219,27): error TS2345: Argument of type 'string | undefined' is not assignable to parameter of type 'string'.
  Type 'undefined' is not assignable to type 'string'.
src/lib/ai-tools/date-time-parser.ts(220,29): error TS2345: Argument of type 'string | undefined' is not assignable to parameter of type 'string'.
  Type 'undefined' is not assignable to type 'string'.
src/lib/ai-tools/date-time-parser.ts(221,35): error TS2345: Argument of type 'string | undefined' is not assignable to parameter of type 'string'.
  Type 'undefined' is not assignable to type 'string'.
src/lib/ai-tools/date-time-parser.ts(228,33): error TS2345: Argument of type 'string | undefined' is not assignable to parameter of type 'string'.
  Type 'undefined' is not assignable to type 'string'.
src/lib/ai-tools/date-time-parser.ts(229,35): error TS2345: Argument of type 'string | undefined' is not assignable to parameter of type 'string'.
  Type 'undefined' is not assignable to type 'string'.
src/lib/ai-tools/date-time-parser.ts(244,28): error TS2345: Argument of type 'string | undefined' is not assignable to parameter of type 'string'.
  Type 'undefined' is not assignable to type 'string'.
src/lib/ai-tools/date-time-parser.ts(245,29): error TS2345: Argument of type 'string | undefined' is not assignable to parameter of type 'string'.
  Type 'undefined' is not assignable to type 'string'.
src/lib/ai-tools/date-time-parser.ts(246,27): error TS2345: Argument of type 'string | undefined' is not assignable to parameter of type 'string'.
  Type 'undefined' is not assignable to type 'string'.
src/lib/ai-tools/date-time-parser.ts(351,26): error TS2345: Argument of type 'string | undefined' is not assignable to parameter of type 'string'.
  Type 'undefined' is not assignable to type 'string'.
src/lib/ai-tools/date-time-parser.ts(358,30): error TS2345: Argument of type 'string | undefined' is not assignable to parameter of type 'string'.
  Type 'undefined' is not assignable to type 'string'.
src/lib/ai-tools/date-time-parser.ts(359,32): error TS2345: Argument of type 'string | undefined' is not assignable to parameter of type 'string'.
  Type 'undefined' is not assignable to type 'string'.
src/lib/ai-tools/date-time-parser.ts(365,34): error TS2345: Argument of type 'string | undefined' is not assignable to parameter of type 'string'.
  Type 'undefined' is not assignable to type 'string'.
src/lib/ai-tools/schedule-meeting.ts(261,72): error TS2769: No overload matches this call.
  Overload 1 of 2, '(value: { contactId: string | SQL<unknown> | Placeholder<string, any>; boardId: string | SQL<unknown> | Placeholder<string, any>; stageId: string | SQL<unknown> | Placeholder<...>; ... 10 more ...; lastStageChangeAt?: SQL<...> | ... 3 more ... | undefined; }): PgInsertBase<...>', gave the following error.
    Object literal may only specify known properties, and 'status' does not exist in type '{ contactId: string | SQL<unknown> | Placeholder<string, any>; boardId: string | SQL<unknown> | Placeholder<string, any>; stageId: string | SQL<unknown> | Placeholder<...>; ... 10 more ...; lastStageChangeAt?: SQL<...> | ... 3 more ... | undefined; }'.
  Overload 2 of 2, '(values: { contactId: string | SQL<unknown> | Placeholder<string, any>; boardId: string | SQL<unknown> | Placeholder<string, any>; stageId: string | SQL<unknown> | Placeholder<...>; ... 10 more ...; lastStageChangeAt?: SQL<...> | ... 3 more ... | undefined; }[]): PgInsertBase<...>', gave the following error.
    Object literal may only specify known properties, and 'companyId' does not exist in type '{ contactId: string | SQL<unknown> | Placeholder<string, any>; boardId: string | SQL<unknown> | Placeholder<string, any>; stageId: string | SQL<unknown> | Placeholder<...>; ... 10 more ...; lastStageChangeAt?: SQL<...> | ... 3 more ... | undefined; }[]'.
src/lib/ai-tools/schedule-meeting.ts(274,44): error TS18048: 'newLead' is possibly 'undefined'.
src/lib/ai-tools/schedule-meeting.ts(275,74): error TS18048: 'newLead' is possibly 'undefined'.
src/lib/ai-tools/schedule-meeting.ts(280,54): error TS18048: 'newLead' is possibly 'undefined'.
src/lib/automation-engine.ts(820,19): error TS2339: Property 'contentType' does not exist on type 'Pick<{ id: string; companyId: string | null; status: string | null; conversationId: string; providerMessageId: string | null; repliedToMessageId: string | null; senderType: string; senderId: string | null; ... 7 more ...; readAt: Date | null; }, "id" | ... 2 more ... | "sentAt">'.
src/lib/automation-engine.ts(820,48): error TS2339: Property 'mediaUrl' does not exist on type 'Pick<{ id: string; companyId: string | null; status: string | null; conversationId: string; providerMessageId: string | null; repliedToMessageId: string | null; senderType: string; senderId: string | null; ... 7 more ...; readAt: Date | null; }, "id" | ... 2 more ... | "sentAt">'.
src/lib/automation-engine.ts(823,57): error TS2339: Property 'mediaUrl' does not exist on type 'Pick<{ id: string; companyId: string | null; status: string | null; conversationId: string; providerMessageId: string | null; repliedToMessageId: string | null; senderType: string; senderId: string | null; ... 7 more ...; readAt: Date | null; }, "id" | ... 2 more ... | "sentAt">'.
src/lib/automation-engine.ts(1026,27): error TS2339: Property 'contentType' does not exist on type 'Pick<{ id: string; companyId: string | null; status: string | null; conversationId: string; providerMessageId: string | null; repliedToMessageId: string | null; senderType: string; senderId: string | null; ... 7 more ...; readAt: Date | null; }, "id" | ... 2 more ... | "sentAt">'.
src/lib/automation-engine.ts(1026,56): error TS2339: Property 'mediaUrl' does not exist on type 'Pick<{ id: string; companyId: string | null; status: string | null; conversationId: string; providerMessageId: string | null; repliedToMessageId: string | null; senderType: string; senderId: string | null; ... 7 more ...; readAt: Date | null; }, "id" | ... 2 more ... | "sentAt">'.
src/lib/automation-engine.ts(1029,70): error TS2339: Property 'mediaUrl' does not exist on type 'Pick<{ id: string; companyId: string | null; status: string | null; conversationId: string; providerMessageId: string | null; repliedToMessageId: string | null; senderType: string; senderId: string | null; ... 7 more ...; readAt: Date | null; }, "id" | ... 2 more ... | "sentAt">'.
src/lib/automation-engine.ts(1031,34): error TS2339: Property 'contentType' does not exist on type 'Pick<{ id: string; companyId: string | null; status: string | null; conversationId: string; providerMessageId: string | null; repliedToMessageId: string | null; senderType: string; senderId: string | null; ... 7 more ...; readAt: Date | null; }, "id" | ... 2 more ... | "sentAt">'.
src/lib/automation-engine.ts(1034,31): error TS2339: Property 'contentType' does not exist on type 'Pick<{ id: string; companyId: string | null; status: string | null; conversationId: string; providerMessageId: string | null; repliedToMessageId: string | null; senderType: string; senderId: string | null; ... 7 more ...; readAt: Date | null; }, "id" | ... 2 more ... | "sentAt">'.
src/lib/automation-engine.ts(1035,36): error TS2339: Property 'contentType' does not exist on type 'Pick<{ id: string; companyId: string | null; status: string | null; conversationId: string; providerMessageId: string | null; repliedToMessageId: string | null; senderType: string; senderId: string | null; ... 7 more ...; readAt: Date | null; }, "id" | ... 2 more ... | "sentAt">'.
src/lib/automation-engine.ts(1036,36): error TS2339: Property 'contentType' does not exist on type 'Pick<{ id: string; companyId: string | null; status: string | null; conversationId: string; providerMessageId: string | null; repliedToMessageId: string | null; senderType: string; senderId: string | null; ... 7 more ...; readAt: Date | null; }, "id" | ... 2 more ... | "sentAt">'.
src/lib/automation-engine.ts(1050,37): error TS2532: Object is possibly 'undefined'.
src/lib/automation-engine.ts(1054,36): error TS18048: 'toolCall' is possibly 'undefined'.
src/lib/automation-engine.ts(1054,45): error TS2339: Property 'function' does not exist on type 'ChatCompletionMessageToolCall'.
  Property 'function' does not exist on type 'ChatCompletionMessageCustomToolCall'.
src/lib/automation-engine.ts(1055,47): error TS18048: 'toolCall' is possibly 'undefined'.
src/lib/automation-engine.ts(1055,56): error TS2339: Property 'function' does not exist on type 'ChatCompletionMessageToolCall'.
  Property 'function' does not exist on type 'ChatCompletionMessageCustomToolCall'.
src/lib/automation-engine.ts(1070,45): error TS2339: Property 'suggestedSlots' does not exist on type 'ManageMeetingResult'.
src/lib/automation-engine.ts(1070,75): error TS2339: Property 'suggestedSlots' does not exist on type 'ManageMeetingResult'.
src/lib/automation-engine.ts(1070,144): error TS2339: Property 'suggestedSlots' does not exist on type 'ManageMeetingResult'.
src/lib/automation-engine.ts(1227,35): error TS2339: Property 'contentType' does not exist on type 'Pick<{ id: string; companyId: string | null; status: string | null; conversationId: string; providerMessageId: string | null; repliedToMessageId: string | null; senderType: string; senderId: string | null; ... 7 more ...; readAt: Date | null; }, "id" | ... 2 more ... | "sentAt">'.
src/lib/automation-engine.ts(1227,64): error TS2339: Property 'mediaUrl' does not exist on type 'Pick<{ id: string; companyId: string | null; status: string | null; conversationId: string; providerMessageId: string | null; repliedToMessageId: string | null; senderType: string; senderId: string | null; ... 7 more ...; readAt: Date | null; }, "id" | ... 2 more ... | "sentAt">'.
src/lib/automation-engine.ts(1228,87): error TS2339: Property 'mediaUrl' does not exist on type 'Pick<{ id: string; companyId: string | null; status: string | null; conversationId: string; providerMessageId: string | null; repliedToMessageId: string | null; senderType: string; senderId: string | null; ... 7 more ...; readAt: Date | null; }, "id" | ... 2 more ... | "sentAt">'.
src/lib/automation-engine.ts(1232,35): error TS2339: Property 'contentType' does not exist on type 'Pick<{ id: string; companyId: string | null; status: string | null; conversationId: string; providerMessageId: string | null; repliedToMessageId: string | null; senderType: string; senderId: string | null; ... 7 more ...; readAt: Date | null; }, "id" | ... 2 more ... | "sentAt">'.
src/lib/automation-engine.ts(1239,39): error TS2339: Property 'contentType' does not exist on type 'Pick<{ id: string; companyId: string | null; status: string | null; conversationId: string; providerMessageId: string | null; repliedToMessageId: string | null; senderType: string; senderId: string | null; ... 7 more ...; readAt: Date | null; }, "id" | ... 2 more ... | "sentAt">'.
src/lib/automation-engine.ts(1240,44): error TS2339: Property 'contentType' does not exist on type 'Pick<{ id: string; companyId: string | null; status: string | null; conversationId: string; providerMessageId: string | null; repliedToMessageId: string | null; senderType: string; senderId: string | null; ... 7 more ...; readAt: Date | null; }, "id" | ... 2 more ... | "sentAt">'.
src/lib/automation-engine.ts(1241,44): error TS2339: Property 'contentType' does not exist on type 'Pick<{ id: string; companyId: string | null; status: string | null; conversationId: string; providerMessageId: string | null; repliedToMessageId: string | null; senderType: string; senderId: string | null; ... 7 more ...; readAt: Date | null; }, "id" | ... 2 more ... | "sentAt">'.
src/lib/automation-engine.ts(1256,33): error TS2532: Object is possibly 'undefined'.
src/lib/automation-engine.ts(1275,41): error TS2339: Property 'contentType' does not exist on type 'Pick<{ id: string; companyId: string | null; status: string | null; conversationId: string; providerMessageId: string | null; repliedToMessageId: string | null; senderType: string; senderId: string | null; ... 7 more ...; readAt: Date | null; }, "id" | ... 2 more ... | "sentAt">'.
src/lib/automation-engine.ts(1279,46): error TS2339: Property 'contentType' does not exist on type 'Pick<{ id: string; companyId: string | null; status: string | null; conversationId: string; providerMessageId: string | null; repliedToMessageId: string | null; senderType: string; senderId: string | null; ... 7 more ...; readAt: Date | null; }, "id" | ... 2 more ... | "sentAt">'.
src/lib/automation-engine.ts(1280,51): error TS2339: Property 'contentType' does not exist on type 'Pick<{ id: string; companyId: string | null; status: string | null; conversationId: string; providerMessageId: string | null; repliedToMessageId: string | null; senderType: string; senderId: string | null; ... 7 more ...; readAt: Date | null; }, "id" | ... 2 more ... | "sentAt">'.
src/lib/automation-engine.ts(1281,51): error TS2339: Property 'contentType' does not exist on type 'Pick<{ id: string; companyId: string | null; status: string | null; conversationId: string; providerMessageId: string | null; repliedToMessageId: string | null; senderType: string; senderId: string | null; ... 7 more ...; readAt: Date | null; }, "id" | ... 2 more ... | "sentAt">'.
src/lib/automation-engine.ts(1287,41): error TS2339: Property 'contentType' does not exist on type 'Pick<{ id: string; companyId: string | null; status: string | null; conversationId: string; providerMessageId: string | null; repliedToMessageId: string | null; senderType: string; senderId: string | null; ... 7 more ...; readAt: Date | null; }, "id" | ... 2 more ... | "sentAt">'.
src/lib/automation-engine.ts(1287,80): error TS2339: Property 'mediaUrl' does not exist on type 'Pick<{ id: string; companyId: string | null; status: string | null; conversationId: string; providerMessageId: string | null; repliedToMessageId: string | null; senderType: string; senderId: string | null; ... 7 more ...; readAt: Date | null; }, "id" | ... 2 more ... | "sentAt">'.
src/lib/automation-engine.ts(1288,92): error TS2339: Property 'mediaUrl' does not exist on type 'Pick<{ id: string; companyId: string | null; status: string | null; conversationId: string; providerMessageId: string | null; repliedToMessageId: string | null; senderType: string; senderId: string | null; ... 7 more ...; readAt: Date | null; }, "id" | ... 2 more ... | "sentAt">'.
src/lib/automation-engine.ts(1302,33): error TS18048: 'call' is possibly 'undefined'.
src/lib/automation-engine.ts(1303,110): error TS18048: 'call' is possibly 'undefined'.
src/lib/automation-engine.ts(1309,45): error TS18048: 'call' is possibly 'undefined'.
src/lib/automation-engine.ts(1322,40): error TS18048: 'call' is possibly 'undefined'.
src/lib/automation-engine.ts(1323,108): error TS18048: 'call' is possibly 'undefined'.
src/lib/automation-engine.ts(1329,45): error TS18048: 'call' is possibly 'undefined'.
src/lib/automation-engine.ts(1337,40): error TS18048: 'call' is possibly 'undefined'.
src/lib/automation-engine.ts(1338,112): error TS18048: 'call' is possibly 'undefined'.
src/lib/automation-engine.ts(1344,45): error TS18048: 'call' is possibly 'undefined'.
src/lib/automation-engine.ts(1352,40): error TS18048: 'call' is possibly 'undefined'.
src/lib/automation-engine.ts(1353,112): error TS18048: 'call' is possibly 'undefined'.
src/lib/automation-engine.ts(1357,45): error TS18048: 'call' is possibly 'undefined'.
src/lib/automation-engine.ts(1372,82): error TS2322: Type '{ functionResponse: { name: string; response: CheckAvailabilityResult; }; } | undefined' is not assignable to type 'string | Part'.
  Type 'undefined' is not assignable to type 'string | Part'.
src/lib/automation-engine.ts(1379,45): error TS18048: 'nextCall' is possibly 'undefined'.
src/lib/automation-engine.ts(1380,146): error TS18048: 'nextCall' is possibly 'undefined'.
src/lib/automation-engine.ts(1385,53): error TS18048: 'nextCall' is possibly 'undefined'.
src/lib/automation-engine.ts(1665,162): error TS18048: 'insertedMsg' is possibly 'undefined'.
src/lib/automation-engine.ts(1667,99): error TS18048: 'insertedMsg' is possibly 'undefined'.
src/lib/automation-engine.ts(1707,46): error TS18048: 'insertedResourceMsg' is possibly 'undefined'.
src/lib/automation-engine.ts(1710,95): error TS18048: 'insertedResourceMsg' is possibly 'undefined'.
src/lib/automation-engine.ts(2264,66): error TS2532: Object is possibly 'undefined'.
src/lib/automation-engine.ts(2300,71): error TS2304: Cannot find name 'companies'.
src/lib/automation-engine.ts(2301,23): error TS2304: Cannot find name 'companies'.
src/lib/automation-engine.ts(2302,27): error TS2304: Cannot find name 'companies'.
src/lib/automation-engine.ts(2331,24): error TS18048: 'targetBoard' is possibly 'undefined'.
src/lib/automation-engine.ts(2334,51): error TS18048: 'targetBoard' is possibly 'undefined'.
src/lib/automation-engine.ts(2334,63): error TS2339: Property 'title' does not exist on type '{ id: string; companyId: string; name: string; funnelType: string | null; objective: string | null; stages: KanbanStage[]; connectionIds: string[] | null; createdAt: Date; }'.
src/lib/automation-engine.ts(2342,56): error TS2769: No overload matches this call.
  Overload 1 of 2, '(value: { contactId: string | SQL<unknown> | Placeholder<string, any>; boardId: string | SQL<unknown> | Placeholder<string, any>; stageId: string | SQL<unknown> | Placeholder<...>; ... 10 more ...; lastStageChangeAt?: SQL<...> | ... 3 more ... | undefined; }): PgInsertBase<...>', gave the following error.
    Object literal may only specify known properties, and 'status' does not exist in type '{ contactId: string | SQL<unknown> | Placeholder<string, any>; boardId: string | SQL<unknown> | Placeholder<string, any>; stageId: string | SQL<unknown> | Placeholder<...>; ... 10 more ...; lastStageChangeAt?: SQL<...> | ... 3 more ... | undefined; }'.
  Overload 2 of 2, '(values: { contactId: string | SQL<unknown> | Placeholder<string, any>; boardId: string | SQL<unknown> | Placeholder<string, any>; stageId: string | SQL<unknown> | Placeholder<...>; ... 10 more ...; lastStageChangeAt?: SQL<...> | ... 3 more ... | undefined; }[]): PgInsertBase<...>', gave the following error.
    Object literal may only specify known properties, and 'companyId' does not exist in type '{ contactId: string | SQL<unknown> | Placeholder<string, any>; boardId: string | SQL<unknown> | Placeholder<string, any>; stageId: string | SQL<unknown> | Placeholder<...>; ... 10 more ...; lastStageChangeAt?: SQL<...> | ... 3 more ... | undefined; }[]'.
src/lib/automation-engine.ts(2344,22): error TS18048: 'targetBoard' is possibly 'undefined'.
src/lib/automation-engine.ts(2345,22): error TS18048: 'firstStage' is possibly 'undefined'.
src/lib/automation-engine.ts(2357,25): error TS18048: 'newLead' is possibly 'undefined'.
src/lib/automation-engine.ts(2359,26): error TS18048: 'targetBoard' is possibly 'undefined'.
src/lib/automation-engine.ts(2360,28): error TS18048: 'firstStage' is possibly 'undefined'.
src/lib/automation-engine.ts(2367,80): error TS18048: 'targetBoard' is possibly 'undefined'.
src/lib/automation-engine.ts(2367,92): error TS2339: Property 'title' does not exist on type '{ id: string; companyId: string; name: string; funnelType: string | null; objective: string | null; stages: KanbanStage[]; connectionIds: string[] | null; createdAt: Date; }'.
src/lib/automation-engine.ts(2367,114): error TS18048: 'firstStage' is possibly 'undefined'.
src/lib/automation-engine.ts(2605,72): error TS2339: Property 'body' does not exist on type '{ id: string; companyId: string | null; conversationId: string; providerMessageId: string | null; repliedToMessageId: string | null; senderType: string; senderId: string | null; content: string; ... 7 more ...; readAt: Date | null; }'.
src/lib/automation-engine.ts(2605,89): error TS2339: Property 'text' does not exist on type '{ id: string; companyId: string | null; conversationId: string; providerMessageId: string | null; repliedToMessageId: string | null; senderType: string; senderId: string | null; content: string; ... 7 more ...; readAt: Date | null; }'.
src/lib/automations.ts(43,64): error TS2769: No overload matches this call.
  Overload 1 of 2, '(value: { name: string | SQL<unknown> | Placeholder<string, any>; companyId: string | SQL<unknown> | Placeholder<string, any>; visualData: unknown; id?: string | SQL<unknown> | Placeholder<...> | undefined; ... 6 more ...; scheduleConfig?: unknown; }): PgInsertBase<...>', gave the following error.
    Object literal may only specify known properties, and 'triggerConfig' does not exist in type '{ name: string | SQL<unknown> | Placeholder<string, any>; companyId: string | SQL<unknown> | Placeholder<string, any>; visualData: unknown; id?: string | SQL<unknown> | Placeholder<...> | undefined; ... 6 more ...; scheduleConfig?: unknown; }'.
  Overload 2 of 2, '(values: { name: string | SQL<unknown> | Placeholder<string, any>; companyId: string | SQL<unknown> | Placeholder<string, any>; visualData: unknown; id?: string | SQL<unknown> | Placeholder<...> | undefined; ... 6 more ...; scheduleConfig?: unknown; }[]): PgInsertBase<...>', gave the following error.
    Object literal may only specify known properties, and 'name' does not exist in type '{ name: string | SQL<unknown> | Placeholder<string, any>; companyId: string | SQL<unknown> | Placeholder<string, any>; visualData: unknown; id?: string | SQL<unknown> | Placeholder<...> | undefined; ... 6 more ...; scheduleConfig?: unknown; }[]'.
src/lib/automations.ts(65,17): error TS2353: Object literal may only specify known properties, and 'triggerConfig' does not exist in type '{ name?: string | SQL<unknown> | PgColumn<ColumnBaseConfig<ColumnDataType, string>, {}, {}> | undefined; companyId?: string | SQL<unknown> | PgColumn<...> | undefined; ... 8 more ...; scheduleConfig?: unknown; }'.
src/lib/ffmpeg.ts(35,42): error TS2532: Object is possibly 'undefined'.
src/lib/flow-engine.ts(115,48): error TS7006: Parameter 's' implicitly has an 'any' type.
src/lib/flow-engine.ts(637,58): error TS18048: 'execution' is possibly 'undefined'.
src/lib/flow-engine.ts(659,36): error TS18048: 'execution' is possibly 'undefined'.
src/lib/flow-engine.ts(664,52): error TS18048: 'execution' is possibly 'undefined'.
src/lib/flow-engine.ts(667,12): error TS18048: 'execution' is possibly 'undefined'.
src/lib/flow-engine.ts(785,46): error TS2345: Argument of type '"timeout"' is not assignable to parameter of type '"error" | "ok" | "skip"'.
src/lib/flow-engine.ts(1288,64): error TS2769: No overload matches this call.
  Overload 1 of 2, '(value: { name: string | SQL<unknown> | Placeholder<string, any>; companyId: string | SQL<unknown> | Placeholder<string, any>; color: string | SQL<unknown> | Placeholder<...>; id?: string | ... 2 more ... | undefined; createdAt?: SQL<...> | ... 3 more ... | undefined; }): PgInsertBase<...>', gave the following error.
    Argument of type '{ companyId: string; name: any; }' is not assignable to parameter of type '{ name: string | SQL<unknown> | Placeholder<string, any>; companyId: string | SQL<unknown> | Placeholder<string, any>; color: string | SQL<unknown> | Placeholder<...>; id?: string | ... 2 more ... | undefined; createdAt?: SQL<...> | ... 3 more ... | undefined; }'.
      Property 'color' is missing in type '{ companyId: string; name: any; }' but required in type '{ name: string | SQL<unknown> | Placeholder<string, any>; companyId: string | SQL<unknown> | Placeholder<string, any>; color: string | SQL<unknown> | Placeholder<...>; id?: string | ... 2 more ... | undefined; createdAt?: SQL<...> | ... 3 more ... | undefined; }'.
  Overload 2 of 2, '(values: { name: string | SQL<unknown> | Placeholder<string, any>; companyId: string | SQL<unknown> | Placeholder<string, any>; color: string | SQL<unknown> | Placeholder<...>; id?: string | ... 2 more ... | undefined; createdAt?: SQL<...> | ... 3 more ... | undefined; }[]): PgInsertBase<...>', gave the following error.
    Object literal may only specify known properties, and 'companyId' does not exist in type '{ name: string | SQL<unknown> | Placeholder<string, any>; companyId: string | SQL<unknown> | Placeholder<string, any>; color: string | SQL<unknown> | Placeholder<...>; id?: string | ... 2 more ... | undefined; createdAt?: SQL<...> | ... 3 more ... | undefined; }[]'.
src/lib/flow-engine.ts(1296,32): error TS18048: 'tagRecord' is possibly 'undefined'.
src/lib/flow-engine.ts(1320,40): error TS2352: Conversion of type 'KanbanStage[]' to type '{ id: string; name: string; }[]' may be a mistake because neither type sufficiently overlaps with the other. If this was intentional, convert the expression to 'unknown' first.
  Property 'name' is missing in type 'KanbanStage' but required in type '{ id: string; name: string; }'.
src/lib/flow-engine.ts(1399,50): error TS2532: Object is possibly 'undefined'.
src/lib/flow-engine.ts(1542,104): error TS18048: 'foundContact' is possibly 'undefined'.
src/lib/flow-engine.ts(1542,126): error TS18048: 'foundContact' is possibly 'undefined'.
src/lib/flow-engine.ts(1574,64): error TS2769: No overload matches this call.
  Overload 1 of 2, '(value: { name: string | SQL<unknown> | Placeholder<string, any>; companyId: string | SQL<unknown> | Placeholder<string, any>; phone: string | SQL<unknown> | Placeholder<...>; ... 23 more ...; lastPsychographicUpdate?: SQL<...> | ... 3 more ... | undefined; }): PgInsertBase<...>', gave the following error.
    Type 'string | undefined' is not assignable to type 'string | SQL<unknown> | Placeholder<string, any>'.
      Type 'undefined' is not assignable to type 'string | SQL<unknown> | Placeholder<string, any>'.
  Overload 2 of 2, '(values: { name: string | SQL<unknown> | Placeholder<string, any>; companyId: string | SQL<unknown> | Placeholder<string, any>; phone: string | SQL<unknown> | Placeholder<...>; ... 23 more ...; lastPsychographicUpdate?: SQL<...> | ... 3 more ... | undefined; }[]): PgInsertBase<...>', gave the following error.
    Object literal may only specify known properties, and 'companyId' does not exist in type '{ name: string | SQL<unknown> | Placeholder<string, any>; companyId: string | SQL<unknown> | Placeholder<string, any>; phone: string | SQL<unknown> | Placeholder<...>; ... 23 more ...; lastPsychographicUpdate?: SQL<...> | ... 3 more ... | undefined; }[]'.
src/lib/flow-engine.ts(1582,33): error TS18048: 'newContact' is possibly 'undefined'.
src/lib/flow-engine.ts(1583,36): error TS18048: 'newContact' is possibly 'undefined'.
src/lib/flow-engine.ts(1584,35): error TS18048: 'newContact' is possibly 'undefined'.
src/lib/flow-engine.ts(1589,34): error TS18048: 'newContact' is possibly 'undefined'.
src/lib/flow-engine.ts(1590,36): error TS18048: 'newContact' is possibly 'undefined'.
src/lib/flow-engine.ts(1591,37): error TS18048: 'newContact' is possibly 'undefined'.
src/lib/flow-engine.ts(1595,49): error TS18048: 'newContact' is possibly 'undefined'.
src/lib/flow-engine.ts(1595,69): error TS18048: 'newContact' is possibly 'undefined'.
src/lib/flow-engine.ts(1798,80): error TS18048: 'conv' is possibly 'undefined'.
src/lib/flow-engine.ts(1803,41): error TS18048: 'conv' is possibly 'undefined'.
src/lib/flow-engine.ts(1810,93): error TS18048: 'conv' is possibly 'undefined'.
src/lib/flow-engine.ts(1976,36): error TS2339: Property 'choices' does not exist on type '(Stream<ChatCompletionChunk> & { _request_id?: string | null | undefined; }) | (ChatCompletion & { _request_id?: string | null | undefined; })'.
  Property 'choices' does not exist on type 'Stream<ChatCompletionChunk> & { _request_id?: string | null | undefined; }'.
src/lib/flow-engine.ts(1979,54): error TS2339: Property 'choices' does not exist on type '(Stream<ChatCompletionChunk> & { _request_id?: string | null | undefined; }) | (ChatCompletion & { _request_id?: string | null | undefined; })'.
  Property 'choices' does not exist on type 'Stream<ChatCompletionChunk> & { _request_id?: string | null | undefined; }'.
src/lib/flow-engine.ts(1980,53): error TS2339: Property 'choices' does not exist on type '(Stream<ChatCompletionChunk> & { _request_id?: string | null | undefined; }) | (ChatCompletion & { _request_id?: string | null | undefined; })'.
  Property 'choices' does not exist on type 'Stream<ChatCompletionChunk> & { _request_id?: string | null | undefined; }'.
src/lib/flow-engine.ts(2041,47): error TS2339: Property 'choices' does not exist on type '(Stream<ChatCompletionChunk> & { _request_id?: string | null | undefined; }) | (ChatCompletion & { _request_id?: string | null | undefined; })'.
  Property 'choices' does not exist on type 'Stream<ChatCompletionChunk> & { _request_id?: string | null | undefined; }'.
src/lib/flow-engine.ts(2042,36): error TS2339: Property 'usage' does not exist on type '(Stream<ChatCompletionChunk> & { _request_id?: string | null | undefined; }) | (ChatCompletion & { _request_id?: string | null | undefined; })'.
  Property 'usage' does not exist on type 'Stream<ChatCompletionChunk> & { _request_id?: string | null | undefined; }'.
src/lib/flow-engine.ts(2044,54): error TS2339: Property 'usage' does not exist on type '(Stream<ChatCompletionChunk> & { _request_id?: string | null | undefined; }) | (ChatCompletion & { _request_id?: string | null | undefined; })'.
  Property 'usage' does not exist on type 'Stream<ChatCompletionChunk> & { _request_id?: string | null | undefined; }'.
src/lib/flow-engine.ts(2045,58): error TS2339: Property 'usage' does not exist on type '(Stream<ChatCompletionChunk> & { _request_id?: string | null | undefined; }) | (ChatCompletion & { _request_id?: string | null | undefined; })'.
  Property 'usage' does not exist on type 'Stream<ChatCompletionChunk> & { _request_id?: string | null | undefined; }'.
src/lib/flow-engine.ts(2046,53): error TS2339: Property 'usage' does not exist on type '(Stream<ChatCompletionChunk> & { _request_id?: string | null | undefined; }) | (ChatCompletion & { _request_id?: string | null | undefined; })'.
  Property 'usage' does not exist on type 'Stream<ChatCompletionChunk> & { _request_id?: string | null | undefined; }'.
src/lib/flow-engine.ts(2198,38): error TS2532: Object is possibly 'undefined'.
src/lib/flow-engine.ts(2218,46): error TS2532: Object is possibly 'undefined'.
src/lib/flow-engine.ts(2457,25): error TS2322: Type 'string | undefined' is not assignable to type 'string'.
  Type 'undefined' is not assignable to type 'string'.
src/lib/flow-engine.ts(2460,51): error TS2769: No overload matches this call.
  Overload 1 of 2, '(value: { conversationId: string | SQL<unknown> | Placeholder<string, any>; senderType: string | SQL<unknown> | Placeholder<string, any>; content: string | SQL<...> | Placeholder<...>; ... 12 more ...; readAt?: SQL<...> | ... 3 more ... | undefined; }): PgInsertBase<...>', gave the following error.
    Type 'string | undefined' is not assignable to type 'string | SQL<unknown> | Placeholder<string, any>'.
      Type 'undefined' is not assignable to type 'string | SQL<unknown> | Placeholder<string, any>'.
  Overload 2 of 2, '(values: { conversationId: string | SQL<unknown> | Placeholder<string, any>; senderType: string | SQL<unknown> | Placeholder<string, any>; content: string | SQL<...> | Placeholder<...>; ... 12 more ...; readAt?: SQL<...> | ... 3 more ... | undefined; }[]): PgInsertBase<...>', gave the following error.
    Object literal may only specify known properties, and 'companyId' does not exist in type '{ conversationId: string | SQL<unknown> | Placeholder<string, any>; senderType: string | SQL<unknown> | Placeholder<string, any>; content: string | SQL<...> | Placeholder<...>; ... 12 more ...; readAt?: SQL<...> | ... 3 more ... | undefined; }[]'.
src/lib/flow-engine.ts(2540,61): error TS2339: Property 'conversationId' does not exist on type 'ExecutionContext'.
src/lib/flow-engine.ts(2541,41): error TS2339: Property 'direction' does not exist on type 'PgTableWithColumns<{ name: "messages"; schema: undefined; columns: { id: PgColumn<{ name: "id"; tableName: "messages"; dataType: "string"; columnType: "PgText"; data: string; driverParam: string; notNull: true; hasDefault: true; ... 6 more ...; generated: undefined; }, {}, {}>; ... 14 more ...; readAt: PgColumn<...>...'.
src/lib/flow-engine.ts(2543,49): error TS2551: Property 'createdAt' does not exist on type 'PgTableWithColumns<{ name: "messages"; schema: undefined; columns: { id: PgColumn<{ name: "id"; tableName: "messages"; dataType: "string"; columnType: "PgText"; data: string; driverParam: string; notNull: true; hasDefault: true; ... 6 more ...; generated: undefined; }, {}, {}>; ... 14 more ...; readAt: PgColumn<...>...'. Did you mean 'readAt'?
src/lib/flow-engine.ts(2546,39): error TS2551: Property 'createdAt' does not exist on type '{ id: string; companyId: string | null; status: string | null; conversationId: string; providerMessageId: string | null; repliedToMessageId: string | null; senderType: string; senderId: string | null; ... 7 more ...; readAt: Date | null; }'. Did you mean 'readAt'?
src/lib/flow-engine.ts(2547,89): error TS2551: Property 'createdAt' does not exist on type '{ id: string; companyId: string | null; status: string | null; conversationId: string; providerMessageId: string | null; repliedToMessageId: string | null; senderType: string; senderId: string | null; ... 7 more ...; readAt: Date | null; }'. Did you mean 'readAt'?
src/lib/flow-engine.ts(2810,68): error TS2769: No overload matches this call.
  Overload 1 of 2, '(value: { name: string | SQL<unknown> | Placeholder<string, any>; companyId: string | SQL<unknown> | Placeholder<string, any>; color: string | SQL<unknown> | Placeholder<...>; id?: string | ... 2 more ... | undefined; createdAt?: SQL<...> | ... 3 more ... | undefined; }): PgInsertBase<...>', gave the following error.
    Argument of type '{ companyId: string; name: any; }' is not assignable to parameter of type '{ name: string | SQL<unknown> | Placeholder<string, any>; companyId: string | SQL<unknown> | Placeholder<string, any>; color: string | SQL<unknown> | Placeholder<...>; id?: string | ... 2 more ... | undefined; createdAt?: SQL<...> | ... 3 more ... | undefined; }'.
      Property 'color' is missing in type '{ companyId: string; name: any; }' but required in type '{ name: string | SQL<unknown> | Placeholder<string, any>; companyId: string | SQL<unknown> | Placeholder<string, any>; color: string | SQL<unknown> | Placeholder<...>; id?: string | ... 2 more ... | undefined; createdAt?: SQL<...> | ... 3 more ... | undefined; }'.
  Overload 2 of 2, '(values: { name: string | SQL<unknown> | Placeholder<string, any>; companyId: string | SQL<unknown> | Placeholder<string, any>; color: string | SQL<unknown> | Placeholder<...>; id?: string | ... 2 more ... | undefined; createdAt?: SQL<...> | ... 3 more ... | undefined; }[]): PgInsertBase<...>', gave the following error.
    Object literal may only specify known properties, and 'companyId' does not exist in type '{ name: string | SQL<unknown> | Placeholder<string, any>; companyId: string | SQL<unknown> | Placeholder<string, any>; color: string | SQL<unknown> | Placeholder<...>; id?: string | ... 2 more ... | undefined; createdAt?: SQL<...> | ... 3 more ... | undefined; }[]'.
src/lib/flow-engine.ts(2818,36): error TS18048: 'tagRecord' is possibly 'undefined'.
src/lib/metaMediaUpload.ts(41,28): error TS2322: Type 'Buffer<ArrayBufferLike>' is not assignable to type 'BlobPart'.
  Type 'Buffer<ArrayBufferLike>' is not assignable to type 'ArrayBufferView<ArrayBuffer>'.
    Types of property 'buffer' are incompatible.
      Type 'ArrayBufferLike' is not assignable to type 'ArrayBuffer'.
        Type 'SharedArrayBuffer' is not assignable to type 'ArrayBuffer'.
          Types of property '[Symbol.toStringTag]' are incompatible.
            Type '"SharedArrayBuffer"' is not assignable to type '"ArrayBuffer"'.
src/lib/metaMediaUpload.ts(91,22): error TS2532: Object is possibly 'undefined'.
src/lib/scratch.ts(8,23): error TS2339: Property 'name' does not exist on type 'PgTableWithColumns<{ name: "connections"; schema: undefined; columns: { id: PgColumn<{ name: "id"; tableName: "connections"; dataType: "string"; columnType: "PgText"; data: string; driverParam: string; notNull: true; hasDefault: true; ... 6 more ...; generated: undefined; }, {}, {}>; ... 26 more ...; createdAt: PgCo...'.
src/lib/scratch.ts(9,27): error TS2339: Property 'provider' does not exist on type 'PgTableWithColumns<{ name: "connections"; schema: undefined; columns: { id: PgColumn<{ name: "id"; tableName: "connections"; dataType: "string"; columnType: "PgText"; data: string; driverParam: string; notNull: true; hasDefault: true; ... 6 more ...; generated: undefined; }, {}, {}>; ... 26 more ...; createdAt: PgCo...'.
src/lib/scratch.ts(10,45): error TS2339: Property 'provider' does not exist on type 'PgTableWithColumns<{ name: "connections"; schema: undefined; columns: { id: PgColumn<{ name: "id"; tableName: "connections"; dataType: "string"; columnType: "PgText"; data: string; driverParam: string; notNull: true; hasDefault: true; ... 6 more ...; generated: undefined; }, {}, {}>; ... 26 more ...; createdAt: PgCo...'.
src/lib/security/threat-alerter.ts(88,34): error TS2339: Property 'rows' does not exist on type 'RowList<Record<string, unknown>[]>'.
src/lib/security/threat-alerter.ts(91,44): error TS2339: Property 'createNotification' does not exist on type 'typeof UserNotificationsService'.
src/lib/security/threat-alerter.ts(145,29): error TS2339: Property 'rows' does not exist on type 'RowList<Record<string, unknown>[]>'.
src/scripts/audit-system.ts(23,76): error TS2532: Object is possibly 'undefined'.
src/scripts/check-jwt.ts(28,45): error TS18046: 'e' is of type 'unknown'.
src/scripts/check-secret.ts(35,47): error TS18048: 'USER_PROVIDED_SECRET' is possibly 'undefined'.
src/scripts/clean-test-contact.ts(28,21): error TS2769: No overload matches this call.
  Overload 1 of 3, '(left: PgColumn<{ name: "phone"; tableName: "contacts"; dataType: "string"; columnType: "PgVarchar"; data: string; driverParam: string; notNull: true; hasDefault: false; isPrimaryKey: false; isAutoincrement: false; ... 4 more ...; generated: undefined; }, {}, { ...; }>, right: string | SQLWrapper): SQL<...>', gave the following error.
    Argument of type 'string | undefined' is not assignable to parameter of type 'string | SQLWrapper'.
      Type 'undefined' is not assignable to type 'string | SQLWrapper'.
  Overload 2 of 3, '(left: Aliased<string | undefined>, right: string | SQLWrapper | undefined): SQL<unknown>', gave the following error.
    Argument of type 'PgColumn<{ name: "phone"; tableName: "contacts"; dataType: "string"; columnType: "PgVarchar"; data: string; driverParam: string; notNull: true; hasDefault: false; isPrimaryKey: false; isAutoincrement: false; ... 4 more ...; generated: undefined; }, {}, { ...; }>' is not assignable to parameter of type 'Aliased<string | undefined>'.
      Type 'PgColumn<{ name: "phone"; tableName: "contacts"; dataType: "string"; columnType: "PgVarchar"; data: string; driverParam: string; notNull: true; hasDefault: false; isPrimaryKey: false; isAutoincrement: false; ... 4 more ...; generated: undefined; }, {}, { ...; }>' is missing the following properties from type 'Aliased<string | undefined>': sql, fieldAlias
  Overload 3 of 3, '(left: never, right: unknown): SQL<unknown>', gave the following error.
    Argument of type 'PgColumn<{ name: "phone"; tableName: "contacts"; dataType: "string"; columnType: "PgVarchar"; data: string; driverParam: string; notNull: true; hasDefault: false; isPrimaryKey: false; isAutoincrement: false; ... 4 more ...; generated: undefined; }, {}, { ...; }>' is not assignable to parameter of type 'never'.
src/scripts/clean-test-contact.ts(29,21): error TS2769: No overload matches this call.
  Overload 1 of 3, '(left: PgColumn<{ name: "phone"; tableName: "contacts"; dataType: "string"; columnType: "PgVarchar"; data: string; driverParam: string; notNull: true; hasDefault: false; isPrimaryKey: false; isAutoincrement: false; ... 4 more ...; generated: undefined; }, {}, { ...; }>, right: string | SQLWrapper): SQL<...>', gave the following error.
    Argument of type 'string | undefined' is not assignable to parameter of type 'string | SQLWrapper'.
      Type 'undefined' is not assignable to type 'string | SQLWrapper'.
  Overload 2 of 3, '(left: Aliased<string | undefined>, right: string | SQLWrapper | undefined): SQL<unknown>', gave the following error.
    Argument of type 'PgColumn<{ name: "phone"; tableName: "contacts"; dataType: "string"; columnType: "PgVarchar"; data: string; driverParam: string; notNull: true; hasDefault: false; isPrimaryKey: false; isAutoincrement: false; ... 4 more ...; generated: undefined; }, {}, { ...; }>' is not assignable to parameter of type 'Aliased<string | undefined>'.
      Type 'PgColumn<{ name: "phone"; tableName: "contacts"; dataType: "string"; columnType: "PgVarchar"; data: string; driverParam: string; notNull: true; hasDefault: false; isPrimaryKey: false; isAutoincrement: false; ... 4 more ...; generated: undefined; }, {}, { ...; }>' is missing the following properties from type 'Aliased<string | undefined>': sql, fieldAlias
  Overload 3 of 3, '(left: never, right: unknown): SQL<unknown>', gave the following error.
    Argument of type 'PgColumn<{ name: "phone"; tableName: "contacts"; dataType: "string"; columnType: "PgVarchar"; data: string; driverParam: string; notNull: true; hasDefault: false; isPrimaryKey: false; isAutoincrement: false; ... 4 more ...; generated: undefined; }, {}, { ...; }>' is not assignable to parameter of type 'never'.
src/scripts/clean-test-contact.ts(30,21): error TS2769: No overload matches this call.
  Overload 1 of 3, '(left: PgColumn<{ name: "phone"; tableName: "contacts"; dataType: "string"; columnType: "PgVarchar"; data: string; driverParam: string; notNull: true; hasDefault: false; isPrimaryKey: false; isAutoincrement: false; ... 4 more ...; generated: undefined; }, {}, { ...; }>, right: string | SQLWrapper): SQL<...>', gave the following error.
    Argument of type 'string | undefined' is not assignable to parameter of type 'string | SQLWrapper'.
      Type 'undefined' is not assignable to type 'string | SQLWrapper'.
  Overload 2 of 3, '(left: Aliased<string | undefined>, right: string | SQLWrapper | undefined): SQL<unknown>', gave the following error.
    Argument of type 'PgColumn<{ name: "phone"; tableName: "contacts"; dataType: "string"; columnType: "PgVarchar"; data: string; driverParam: string; notNull: true; hasDefault: false; isPrimaryKey: false; isAutoincrement: false; ... 4 more ...; generated: undefined; }, {}, { ...; }>' is not assignable to parameter of type 'Aliased<string | undefined>'.
      Type 'PgColumn<{ name: "phone"; tableName: "contacts"; dataType: "string"; columnType: "PgVarchar"; data: string; driverParam: string; notNull: true; hasDefault: false; isPrimaryKey: false; isAutoincrement: false; ... 4 more ...; generated: undefined; }, {}, { ...; }>' is missing the following properties from type 'Aliased<string | undefined>': sql, fieldAlias
  Overload 3 of 3, '(left: never, right: unknown): SQL<unknown>', gave the following error.
    Argument of type 'PgColumn<{ name: "phone"; tableName: "contacts"; dataType: "string"; columnType: "PgVarchar"; data: string; driverParam: string; notNull: true; hasDefault: false; isPrimaryKey: false; isAutoincrement: false; ... 4 more ...; generated: undefined; }, {}, { ...; }>' is not assignable to parameter of type 'never'.
src/scripts/clean-test-contact.ts(31,21): error TS2769: No overload matches this call.
  Overload 1 of 3, '(left: PgColumn<{ name: "phone"; tableName: "contacts"; dataType: "string"; columnType: "PgVarchar"; data: string; driverParam: string; notNull: true; hasDefault: false; isPrimaryKey: false; isAutoincrement: false; ... 4 more ...; generated: undefined; }, {}, { ...; }>, right: string | SQLWrapper): SQL<...>', gave the following error.
    Argument of type 'string | undefined' is not assignable to parameter of type 'string | SQLWrapper'.
      Type 'undefined' is not assignable to type 'string | SQLWrapper'.
  Overload 2 of 3, '(left: Aliased<string | undefined>, right: string | SQLWrapper | undefined): SQL<unknown>', gave the following error.
    Argument of type 'PgColumn<{ name: "phone"; tableName: "contacts"; dataType: "string"; columnType: "PgVarchar"; data: string; driverParam: string; notNull: true; hasDefault: false; isPrimaryKey: false; isAutoincrement: false; ... 4 more ...; generated: undefined; }, {}, { ...; }>' is not assignable to parameter of type 'Aliased<string | undefined>'.
      Type 'PgColumn<{ name: "phone"; tableName: "contacts"; dataType: "string"; columnType: "PgVarchar"; data: string; driverParam: string; notNull: true; hasDefault: false; isPrimaryKey: false; isAutoincrement: false; ... 4 more ...; generated: undefined; }, {}, { ...; }>' is missing the following properties from type 'Aliased<string | undefined>': sql, fieldAlias
  Overload 3 of 3, '(left: never, right: unknown): SQL<unknown>', gave the following error.
    Argument of type 'PgColumn<{ name: "phone"; tableName: "contacts"; dataType: "string"; columnType: "PgVarchar"; data: string; driverParam: string; notNull: true; hasDefault: false; isPrimaryKey: false; isAutoincrement: false; ... 4 more ...; generated: undefined; }, {}, { ...; }>' is not assignable to parameter of type 'never'.
src/scripts/clean-test-contact.ts(32,21): error TS2769: No overload matches this call.
  Overload 1 of 3, '(left: PgColumn<{ name: "phone"; tableName: "contacts"; dataType: "string"; columnType: "PgVarchar"; data: string; driverParam: string; notNull: true; hasDefault: false; isPrimaryKey: false; isAutoincrement: false; ... 4 more ...; generated: undefined; }, {}, { ...; }>, right: string | SQLWrapper): SQL<...>', gave the following error.
    Argument of type 'string | undefined' is not assignable to parameter of type 'string | SQLWrapper'.
      Type 'undefined' is not assignable to type 'string | SQLWrapper'.
  Overload 2 of 3, '(left: Aliased<string | undefined>, right: string | SQLWrapper | undefined): SQL<unknown>', gave the following error.
    Argument of type 'PgColumn<{ name: "phone"; tableName: "contacts"; dataType: "string"; columnType: "PgVarchar"; data: string; driverParam: string; notNull: true; hasDefault: false; isPrimaryKey: false; isAutoincrement: false; ... 4 more ...; generated: undefined; }, {}, { ...; }>' is not assignable to parameter of type 'Aliased<string | undefined>'.
      Type 'PgColumn<{ name: "phone"; tableName: "contacts"; dataType: "string"; columnType: "PgVarchar"; data: string; driverParam: string; notNull: true; hasDefault: false; isPrimaryKey: false; isAutoincrement: false; ... 4 more ...; generated: undefined; }, {}, { ...; }>' is missing the following properties from type 'Aliased<string | undefined>': sql, fieldAlias
  Overload 3 of 3, '(left: never, right: unknown): SQL<unknown>', gave the following error.
    Argument of type 'PgColumn<{ name: "phone"; tableName: "contacts"; dataType: "string"; columnType: "PgVarchar"; data: string; driverParam: string; notNull: true; hasDefault: false; isPrimaryKey: false; isAutoincrement: false; ... 4 more ...; generated: undefined; }, {}, { ...; }>' is not assignable to parameter of type 'never'.
src/scripts/clean-test-contact.ts(42,49): error TS18048: 'contact' is possibly 'undefined'.
src/scripts/clean-test-contact.ts(42,66): error TS18048: 'contact' is possibly 'undefined'.
src/scripts/clean-test-contact.ts(43,40): error TS18048: 'contact' is possibly 'undefined'.
src/scripts/clean-test-contact.ts(49,48): error TS18048: 'contact' is possibly 'undefined'.
src/scripts/clean-test-contact.ts(65,46): error TS18048: 'contact' is possibly 'undefined'.
src/scripts/clean-test-contact.ts(71,54): error TS18048: 'contact' is possibly 'undefined'.
src/scripts/clean-test-contact.ts(87,36): error TS18048: 'contact' is possibly 'undefined'.
src/scripts/clean-test-contact.ts(88,37): error TS18048: 'contact' is possibly 'undefined'.
src/scripts/debug-deivid-rodrigues.ts(17,42): error TS18048: 'company' is possibly 'undefined'.
src/scripts/debug-deivid-rodrigues.ts(17,63): error TS18048: 'company' is possibly 'undefined'.
src/scripts/debug-deivid-rodrigues.ts(20,87): error TS18048: 'company' is possibly 'undefined'.
src/scripts/debug-deivid-rodrigues.ts(30,95): error TS18048: 'company' is possibly 'undefined'.
src/scripts/debug-deivid-rodrigues.ts(41,44): error TS18048: 'company' is possibly 'undefined'.
src/scripts/debug-deivid-rodrigues.ts(54,49): error TS2532: Object is possibly 'undefined'.
src/scripts/debug-deivid-rodrigues.ts(55,48): error TS2532: Object is possibly 'undefined'.
src/scripts/debug-deivid-rodrigues.ts(56,46): error TS2532: Object is possibly 'undefined'.
src/scripts/debug-deivid-rodrigues.ts(56,54): error TS2339: Property 'provider' does not exist on type '{ id: string; companyId: string | null; conversationId: string; providerMessageId: string | null; repliedToMessageId: string | null; senderType: string; senderId: string | null; content: string; ... 7 more ...; readAt: Date | null; }'.
src/scripts/debug-deivid-rodrigues.ts(57,42): error TS2532: Object is possibly 'undefined'.
src/scripts/debug-deivid-rodrigues.ts(63,55): error TS18048: 'company' is possibly 'undefined'.
src/scripts/debug-deivid-rodrigues.ts(81,16): error TS2769: No overload matches this call.
  Overload 1 of 3, '(column: Aliased<string | null>, values: SQLWrapper | (string | Placeholder<string, any> | null)[]): SQL<unknown>', gave the following error.
    Argument of type 'PgColumn<{ name: "id"; tableName: "contacts"; dataType: "string"; columnType: "PgText"; data: string; driverParam: string; notNull: true; hasDefault: true; isPrimaryKey: true; isAutoincrement: false; ... 4 more ...; generated: undefined; }, {}, {}>' is not assignable to parameter of type 'Aliased<string | null>'.
      Type 'PgColumn<{ name: "id"; tableName: "contacts"; dataType: "string"; columnType: "PgText"; data: string; driverParam: string; notNull: true; hasDefault: true; isPrimaryKey: true; isAutoincrement: false; ... 4 more ...; generated: undefined; }, {}, {}>' is missing the following properties from type 'Aliased<string | null>': sql, fieldAlias
  Overload 2 of 3, '(column: PgColumn<{ name: "id"; tableName: "contacts"; dataType: "string"; columnType: "PgText"; data: string; driverParam: string; notNull: true; hasDefault: true; isPrimaryKey: true; isAutoincrement: false; ... 4 more ...; generated: undefined; }, {}, {}>, values: SQLWrapper | readonly (string | Placeholder<...>)[]): SQL<...>', gave the following error.
    Argument of type '(string | null)[]' is not assignable to parameter of type 'SQLWrapper | readonly (string | Placeholder<string, any>)[]'.
      Type '(string | null)[]' is not assignable to type 'readonly (string | Placeholder<string, any>)[]'.
        Type 'string | null' is not assignable to type 'string | Placeholder<string, any>'.
          Type 'null' is not assignable to type 'string | Placeholder<string, any>'.
  Overload 3 of 3, '(column: never, values: SQLWrapper | readonly unknown[]): SQL<unknown>', gave the following error.
    Argument of type 'PgColumn<{ name: "id"; tableName: "contacts"; dataType: "string"; columnType: "PgText"; data: string; driverParam: string; notNull: true; hasDefault: true; isPrimaryKey: true; isAutoincrement: false; ... 4 more ...; generated: undefined; }, {}, {}>' is not assignable to parameter of type 'never'.
src/scripts/get-kommo-company.ts(12,57): error TS2339: Property 'fieldMapping' does not exist on type '{ id: string; companyId: string; provider: string; status: string; config: Record<string, any> | null; createdAt: Date; updatedAt: Date; }'.
src/scripts/monitor-sessions.ts(2,32): error TS2307: Cannot find module '../lib/baileys/session-monitor' or its corresponding type declarations.
src/scripts/run-audio-migration.ts(34,62): error TS2339: Property 'rows' does not exist on type 'RowList<Record<string, unknown>[]>'.
src/scripts/run-behavior-migration.ts(36,62): error TS2339: Property 'rows' does not exist on type 'RowList<Record<string, unknown>[]>'.
src/scripts/run-followup-migration.ts(64,35): error TS2339: Property 'rows' does not exist on type 'RowList<Record<string, unknown>[]>'.
src/scripts/run-followup-migration.ts(74,37): error TS2339: Property 'rows' does not exist on type 'RowList<Record<string, unknown>[]>'.
src/scripts/run-kanban-connection-migration.ts(28,61): error TS2339: Property 'rows' does not exist on type 'RowList<Record<string, unknown>[]>'.
src/scripts/run-security-migration.ts(51,37): error TS2339: Property 'rows' does not exist on type 'RowList<Record<string, unknown>[]>'.
src/scripts/setup-kommo-integration.ts(54,23): error TS2532: Object is possibly 'undefined'.
src/scripts/setup-kommo-integration.ts(55,39): error TS2532: Object is possibly 'undefined'.
src/scripts/setup-kommo-integration.ts(84,25): error TS18048: 'newIntegration' is possibly 'undefined'.
src/scripts/setup-kommo-integration.ts(120,17): error TS2322: Type 'string | undefined' is not assignable to type 'string'.
  Type 'undefined' is not assignable to type 'string'.
src/scripts/test-ai-fixes.ts(83,31): error TS2339: Property 'rows' does not exist on type 'RowList<Record<string, unknown>[]>'.
src/scripts/test-message-trigger.ts(14,33): error TS2551: Property 'createdAt' does not exist on type 'PgTableWithColumns<{ name: "messages"; schema: undefined; columns: { id: PgColumn<{ name: "id"; tableName: "messages"; dataType: "string"; columnType: "PgText"; data: string; driverParam: string; notNull: true; hasDefault: true; ... 6 more ...; generated: undefined; }, {}, {}>; ... 14 more ...; readAt: PgColumn<...>...'. Did you mean 'readAt'?
src/scripts/test-session-monitor-logic.ts(5,32): error TS2307: Cannot find module '@/lib/baileys/session-monitor' or its corresponding type declarations.
src/scripts/test-timeout-logic.ts(20,36): error TS2769: No overload matches this call.
  Overload 1 of 2, '(value: { name: string | SQL<unknown> | Placeholder<string, any>; companyId: string | SQL<unknown> | Placeholder<string, any>; visualData: unknown; id?: string | SQL<unknown> | Placeholder<...> | undefined; ... 6 more ...; scheduleConfig?: unknown; }): PgInsertBase<...>', gave the following error.
    Object literal may only specify known properties, and 'status' does not exist in type '{ name: string | SQL<unknown> | Placeholder<string, any>; companyId: string | SQL<unknown> | Placeholder<string, any>; visualData: unknown; id?: string | SQL<unknown> | Placeholder<...> | undefined; ... 6 more ...; scheduleConfig?: unknown; }'.
  Overload 2 of 2, '(values: { name: string | SQL<unknown> | Placeholder<string, any>; companyId: string | SQL<unknown> | Placeholder<string, any>; visualData: unknown; id?: string | SQL<unknown> | Placeholder<...> | undefined; ... 6 more ...; scheduleConfig?: unknown; }[]): PgInsertBase<...>', gave the following error.
    Object literal may only specify known properties, and 'id' does not exist in type '{ name: string | SQL<unknown> | Placeholder<string, any>; companyId: string | SQL<unknown> | Placeholder<string, any>; visualData: unknown; id?: string | SQL<unknown> | Placeholder<...> | undefined; ... 6 more ...; scheduleConfig?: unknown; }[]'.
src/services/alert.service.ts(592,28): error TS2349: This expression is not callable.
  Not all constituents of type 'Sql<{}> | undefined' are callable.
    Type 'undefined' has no call signatures.
src/services/audio-converter.service.ts(2,20): error TS7016: Could not find a declaration file for module 'fluent-ffmpeg'. 'C:/Users/Administrator/Desktop/MASTER-IA-PROJECT/node_modules/fluent-ffmpeg/index.js' implicitly has an 'any' type.
  Try `npm i --save-dev @types/fluent-ffmpeg` if it exists or add a new declaration (.d.ts) file containing `declare module 'fluent-ffmpeg';`
src/services/audio-converter.service.ts(43,27): error TS7006: Parameter 'err' implicitly has an 'any' type.
src/services/audio-converter.service.ts(97,27): error TS7006: Parameter 'err' implicitly has an 'any' type.
src/services/audio-converter.service.ts(153,27): error TS7006: Parameter 'err' implicitly has an 'any' type.
src/services/audio-converter.service.ts(211,36): error TS7006: Parameter 'err' implicitly has an 'any' type.
src/services/audio-converter.service.ts(211,41): error TS7006: Parameter 'metadata' implicitly has an 'any' type.
src/services/external-source.service.ts(118,41): error TS2339: Property 'default' does not exist on type 'typeof import("C:/Users/Administrator/Desktop/MASTER-IA-PROJECT/node_modules/pdf-parse/dist/pdf-parse/esm/index")'.
